Archive member included to satisfy reference by file (symbol)

c:/program files/microchip/xc32/v3.01/bin/bin/../../lib/gcc/pic32c/8.3.1/../../../../pic32c/lib/thumb/v6-m/nofp\libpic32c.a(data_init.o)
                              build/CFDtest2_J18A/production/_ext/986139933/startup_xc32.o (__pic32c_data_initialization)
c:/program files/microchip/xc32/v3.01/bin/bin/../../lib/gcc/pic32c/8.3.1/thumb/v6-m/nofp\libgcc.a(_aeabi_uldivmod.o)
                              build/CFDtest2_J18A/production/_ext/1978124120/plib_sercom4_usart.o (__aeabi_uldivmod)
c:/program files/microchip/xc32/v3.01/bin/bin/../../lib/gcc/pic32c/8.3.1/thumb/v6-m/nofp\libgcc.a(_udivmoddi4.o)
                              c:/program files/microchip/xc32/v3.01/bin/bin/../../lib/gcc/pic32c/8.3.1/thumb/v6-m/nofp\libgcc.a(_aeabi_uldivmod.o) (__udivmoddi4)
c:/program files/microchip/xc32/v3.01/bin/bin/../../lib/gcc/pic32c/8.3.1/thumb/v6-m/nofp\libgcc.a(_dvmd_tls.o)
                              c:/program files/microchip/xc32/v3.01/bin/bin/../../lib/gcc/pic32c/8.3.1/thumb/v6-m/nofp\libgcc.a(_aeabi_uldivmod.o) (__aeabi_ldiv0)
c:/program files/microchip/xc32/v3.01/bin/bin/../../lib/gcc/pic32c/8.3.1/thumb/v6-m/nofp\libgcc.a(_clzdi2.o)
                              c:/program files/microchip/xc32/v3.01/bin/bin/../../lib/gcc/pic32c/8.3.1/thumb/v6-m/nofp\libgcc.a(_udivmoddi4.o) (__clzdi2)
c:/program files/microchip/xc32/v3.01/bin/bin/../../lib/gcc/pic32c/8.3.1/thumb/v6-m/nofp\libgcc.a(_clzsi2.o)
                              c:/program files/microchip/xc32/v3.01/bin/bin/../../lib/gcc/pic32c/8.3.1/thumb/v6-m/nofp\libgcc.a(_clzdi2.o) (__clzsi2)
c:/program files/microchip/xc32/v3.01/bin/bin/../../lib/gcc/pic32c/8.3.1/../../../../pic32c/lib/thumb/v6-m/nofp\libc_nano.a(lib_a-init.o)
                              build/CFDtest2_J18A/production/_ext/986139933/startup_xc32.o (__libc_init_array)
c:/program files/microchip/xc32/v3.01/bin/bin/../../lib/gcc/pic32c/8.3.1/../../../../pic32c/lib/thumb/v6-m/nofp\libc_nano.a(lib_a-memcpy-stub.o)
                              build/CFDtest2_J18A/production/_ext/1100060625/plib_nvmctrl.o (memcpy)

Microchip PIC32 Memory-Usage Report

ROM Program-Memory Usage
section                    address  length [bytes]      (dec)  Description
-------                 ----------  -------------------------  -----------
.vectors                         0           0xbc         188   
.text                         0xbc           0x20          32  App's exec code 
.text.SERCOM4_USART_Int       0xdc          0x180         384   
.text.CLOCK_Initialize       0x25c           0xc4         196   
.text.__pic32c_data_ini      0x320           0x90         144   
.text.SERCOM4_USART_Wri      0x3b0           0x60          96   
.text.SERCOM4_USART_Ini      0x410           0x54          84   
.text                        0x464           0x48          72  App's exec code 
.text.Reset_Handler          0x4ac           0x48          72   
.text.__libc_init_array      0x4f4           0x48          72   
.text.SYSTICK_DelayMs        0x53c           0x40          64   
.text.main                   0x57c           0x40          64   
.dinit                       0x5bc           0x30          48   
.text.NVIC_Initialize        0x5ec           0x2c          44   
.text.SERCOM4_USART_Err      0x618           0x2c          44   
.text.SYS_Initialize         0x644           0x2c          44   
.text.SYSTICK_TimerInit      0x670           0x1c          28   
.text.PORT_Initialize        0x68c           0x16          22   
.text.EVSYS_Initialize       0x6a2            0x2           2   
.text.NVMCTRL_Initializ      0x6a4            0xc          12   
.rodata                      0x6b0            0xc          12  Read-only const 
.text.Dummy_Handler          0x6bc            0x2           2   
.text.NonMaskableInt_Ha      0x6be            0x2           2   
.text.HardFault_Handler      0x6c0            0x2           2   
.text.Dummy_App_Func         0x6c2            0x2           2   
      Total ROM used  :       0x6c4        1732  0.7% of 0x40000
        --------------------------------------------------------------------------
         Total Program Memory used  :       0x6c4        1732  0.7% of 0x40000
        --------------------------------------------------------------------------


RAM Data-Memory Usage
section                    address  length [bytes]      (dec)  Description
-------                 ----------  -------------------------  -----------
.bss.sercom4USARTObj    0x20000000           0x30          48   
.bss                    0x20000030           0x20          32  Uninitialized data 
         Total RAM used  :        0x50          80  0.2% of 0x8000
        --------------------------------------------------------------------------
            Total Data Memory used  :        0x50          80  0.2% of 0x8000
        --------------------------------------------------------------------------


Dynamic Data-Memory Reservation
section                    address  length [bytes]      (dec)  Description
-------                 ----------  -------------------------  -----------
heap                    0x20000058          0x200         512  Reserved for heap 
stack                   0x20000270         0x7d88       32136  Reserved for stack 

        --------------------------------------------------------------------------

Discarded input sections

 .text          0x00000000        0x0 c:/program files/microchip/xc32/v3.01/bin/bin/../../lib/gcc/pic32c/8.3.1/thumb/v6-m/nofp/crti.o
 .data          0x00000000        0x0 c:/program files/microchip/xc32/v3.01/bin/bin/../../lib/gcc/pic32c/8.3.1/thumb/v6-m/nofp/crti.o
 .bss           0x00000000        0x0 c:/program files/microchip/xc32/v3.01/bin/bin/../../lib/gcc/pic32c/8.3.1/thumb/v6-m/nofp/crti.o
 .xc_stack_usage.hdr
                0x00000000        0xe c:/program files/microchip/xc32/v3.01/bin/bin/../../lib/gcc/pic32c/8.3.1/thumb/v6-m/nofp/crti.o
 .xc_stack_usage
                0x00000000       0x26 c:/program files/microchip/xc32/v3.01/bin/bin/../../lib/gcc/pic32c/8.3.1/thumb/v6-m/nofp/crti.o
 .data          0x00000000        0x4 c:/program files/microchip/xc32/v3.01/bin/bin/../../lib/gcc/pic32c/8.3.1/thumb/v6-m/nofp/crtbegin.o
 .xc_stack_usage
                0x00000000       0x3c c:/program files/microchip/xc32/v3.01/bin/bin/../../lib/gcc/pic32c/8.3.1/thumb/v6-m/nofp/crtbegin.o
 .xc_stack_usage.hdr
                0x00000000        0xe c:/program files/microchip/xc32/v3.01/bin/bin/../../lib/gcc/pic32c/8.3.1/thumb/v6-m/nofp/crtbegin.o
 .text          0x00000000        0x0 build/CFDtest2_J18A/production/_ext/1843999635/plib_clock.o
 .data          0x00000000        0x0 build/CFDtest2_J18A/production/_ext/1843999635/plib_clock.o
 .bss           0x00000000        0x0 build/CFDtest2_J18A/production/_ext/1843999635/plib_clock.o
 .text          0x00000000        0x0 build/CFDtest2_J18A/production/_ext/1841850149/plib_evsys.o
 .data          0x00000000        0x0 build/CFDtest2_J18A/production/_ext/1841850149/plib_evsys.o
 .bss           0x00000000        0x0 build/CFDtest2_J18A/production/_ext/1841850149/plib_evsys.o
 .text          0x00000000        0x0 build/CFDtest2_J18A/production/_ext/633589923/plib_nvic.o
 .data          0x00000000        0x0 build/CFDtest2_J18A/production/_ext/633589923/plib_nvic.o
 .bss           0x00000000        0x0 build/CFDtest2_J18A/production/_ext/633589923/plib_nvic.o
 .text.NVIC_INT_Enable
                0x00000000        0x8 build/CFDtest2_J18A/production/_ext/633589923/plib_nvic.o
 .text.NVIC_INT_Disable
                0x00000000       0x12 build/CFDtest2_J18A/production/_ext/633589923/plib_nvic.o
 .text.NVIC_INT_Restore
                0x00000000       0x14 build/CFDtest2_J18A/production/_ext/633589923/plib_nvic.o
 .text          0x00000000        0x0 build/CFDtest2_J18A/production/_ext/1100060625/plib_nvmctrl.o
 .data          0x00000000        0x0 build/CFDtest2_J18A/production/_ext/1100060625/plib_nvmctrl.o
 .bss           0x00000000        0x0 build/CFDtest2_J18A/production/_ext/1100060625/plib_nvmctrl.o
 .text.NVMCTRL_CacheInvalidate
                0x00000000       0x10 build/CFDtest2_J18A/production/_ext/1100060625/plib_nvmctrl.o
 .text.NVMCTRL_RWWEEPROM_Read
                0x00000000       0x10 build/CFDtest2_J18A/production/_ext/1100060625/plib_nvmctrl.o
 .text.NVMCTRL_RWWEEPROM_PageWrite
                0x00000000       0x28 build/CFDtest2_J18A/production/_ext/1100060625/plib_nvmctrl.o
 .text.NVMCTRL_RWWEEPROM_RowErase
                0x00000000       0x18 build/CFDtest2_J18A/production/_ext/1100060625/plib_nvmctrl.o
 .text.NVMCTRL_Read
                0x00000000       0x10 build/CFDtest2_J18A/production/_ext/1100060625/plib_nvmctrl.o
 .text.NVMCTRL_PageBufferWrite
                0x00000000       0x14 build/CFDtest2_J18A/production/_ext/1100060625/plib_nvmctrl.o
 .text.NVMCTRL_PageBufferCommit
                0x00000000       0x30 build/CFDtest2_J18A/production/_ext/1100060625/plib_nvmctrl.o
 .text.NVMCTRL_PageWrite
                0x00000000       0x28 build/CFDtest2_J18A/production/_ext/1100060625/plib_nvmctrl.o
 .text.NVMCTRL_RowErase
                0x00000000       0x18 build/CFDtest2_J18A/production/_ext/1100060625/plib_nvmctrl.o
 .text.NVMCTRL_ErrorGet
                0x00000000       0x2c build/CFDtest2_J18A/production/_ext/1100060625/plib_nvmctrl.o
 .text.NVMCTRL_IsBusy
                0x00000000       0x14 build/CFDtest2_J18A/production/_ext/1100060625/plib_nvmctrl.o
 .text.NVMCTRL_RegionLock
                0x00000000       0x14 build/CFDtest2_J18A/production/_ext/1100060625/plib_nvmctrl.o
 .text.NVMCTRL_RegionUnlock
                0x00000000       0x14 build/CFDtest2_J18A/production/_ext/1100060625/plib_nvmctrl.o
 .text          0x00000000        0x0 build/CFDtest2_J18A/production/_ext/633643074/plib_port.o
 .data          0x00000000        0x0 build/CFDtest2_J18A/production/_ext/633643074/plib_port.o
 .bss           0x00000000        0x0 build/CFDtest2_J18A/production/_ext/633643074/plib_port.o
 .text.PORT_GroupRead
                0x00000000        0x4 build/CFDtest2_J18A/production/_ext/633643074/plib_port.o
 .text.PORT_GroupWrite
                0x00000000        0xc build/CFDtest2_J18A/production/_ext/633643074/plib_port.o
 .text.PORT_GroupLatchRead
                0x00000000        0x4 build/CFDtest2_J18A/production/_ext/633643074/plib_port.o
 .text.PORT_GroupSet
                0x00000000        0x4 build/CFDtest2_J18A/production/_ext/633643074/plib_port.o
 .text.PORT_GroupClear
                0x00000000        0x4 build/CFDtest2_J18A/production/_ext/633643074/plib_port.o
 .text.PORT_GroupToggle
                0x00000000        0x4 build/CFDtest2_J18A/production/_ext/633643074/plib_port.o
 .text.PORT_GroupInputEnable
                0x00000000        0x4 build/CFDtest2_J18A/production/_ext/633643074/plib_port.o
 .text.PORT_GroupOutputEnable
                0x00000000        0x4 build/CFDtest2_J18A/production/_ext/633643074/plib_port.o
 .text.PORT_PinPeripheralFunctionConfig
                0x00000000       0x46 build/CFDtest2_J18A/production/_ext/633643074/plib_port.o
 .text.PORT_PinGPIOConfig
                0x00000000       0x1e build/CFDtest2_J18A/production/_ext/633643074/plib_port.o
 .text          0x00000000        0x0 build/CFDtest2_J18A/production/_ext/1978124120/plib_sercom4_usart.o
 .data          0x00000000        0x0 build/CFDtest2_J18A/production/_ext/1978124120/plib_sercom4_usart.o
 .bss           0x00000000        0x0 build/CFDtest2_J18A/production/_ext/1978124120/plib_sercom4_usart.o
 .text.SERCOM4_USART_FrequencyGet
                0x00000000        0x8 build/CFDtest2_J18A/production/_ext/1978124120/plib_sercom4_usart.o
 .text.SERCOM4_USART_SerialSetup
                0x00000000      0x134 build/CFDtest2_J18A/production/_ext/1978124120/plib_sercom4_usart.o
 .text.SERCOM4_USART_ErrorGet
                0x00000000       0x10 build/CFDtest2_J18A/production/_ext/1978124120/plib_sercom4_usart.o
 .text.SERCOM4_USART_TransmitterEnable
                0x00000000       0x18 build/CFDtest2_J18A/production/_ext/1978124120/plib_sercom4_usart.o
 .text.SERCOM4_USART_TransmitterDisable
                0x00000000       0x1c build/CFDtest2_J18A/production/_ext/1978124120/plib_sercom4_usart.o
 .text.SERCOM4_USART_WriteIsBusy
                0x00000000        0xc build/CFDtest2_J18A/production/_ext/1978124120/plib_sercom4_usart.o
 .text.SERCOM4_USART_WriteCountGet
                0x00000000        0xc build/CFDtest2_J18A/production/_ext/1978124120/plib_sercom4_usart.o
 .text.SERCOM4_USART_WriteCallbackRegister
                0x00000000        0xc build/CFDtest2_J18A/production/_ext/1978124120/plib_sercom4_usart.o
 .text.SERCOM4_USART_ReceiverEnable
                0x00000000       0x18 build/CFDtest2_J18A/production/_ext/1978124120/plib_sercom4_usart.o
 .text.SERCOM4_USART_ReceiverDisable
                0x00000000       0x1c build/CFDtest2_J18A/production/_ext/1978124120/plib_sercom4_usart.o
 .text.SERCOM4_USART_Read
                0x00000000       0x44 build/CFDtest2_J18A/production/_ext/1978124120/plib_sercom4_usart.o
 .text.SERCOM4_USART_ReadIsBusy
                0x00000000       0x10 build/CFDtest2_J18A/production/_ext/1978124120/plib_sercom4_usart.o
 .text.SERCOM4_USART_ReadCountGet
                0x00000000        0xc build/CFDtest2_J18A/production/_ext/1978124120/plib_sercom4_usart.o
 .text.SERCOM4_USART_ReadAbort
                0x00000000       0x28 build/CFDtest2_J18A/production/_ext/1978124120/plib_sercom4_usart.o
 .text.SERCOM4_USART_ReadCallbackRegister
                0x00000000        0xc build/CFDtest2_J18A/production/_ext/1978124120/plib_sercom4_usart.o
 .text          0x00000000        0x0 build/CFDtest2_J18A/production/_ext/865585527/plib_systick.o
 .data          0x00000000        0x0 build/CFDtest2_J18A/production/_ext/865585527/plib_systick.o
 .bss           0x00000000        0x0 build/CFDtest2_J18A/production/_ext/865585527/plib_systick.o
 .text.SYSTICK_TimerRestart
                0x00000000       0x1c build/CFDtest2_J18A/production/_ext/865585527/plib_systick.o
 .text.SYSTICK_TimerStart
                0x00000000       0x14 build/CFDtest2_J18A/production/_ext/865585527/plib_systick.o
 .text.SYSTICK_TimerStop
                0x00000000       0x10 build/CFDtest2_J18A/production/_ext/865585527/plib_systick.o
 .text.SYSTICK_TimerPeriodSet
                0x00000000        0xc build/CFDtest2_J18A/production/_ext/865585527/plib_systick.o
 .text.SYSTICK_TimerPeriodGet
                0x00000000        0xc build/CFDtest2_J18A/production/_ext/865585527/plib_systick.o
 .text.SYSTICK_TimerCounterGet
                0x00000000        0xc build/CFDtest2_J18A/production/_ext/865585527/plib_systick.o
 .text.SYSTICK_TimerFrequencyGet
                0x00000000        0x8 build/CFDtest2_J18A/production/_ext/865585527/plib_systick.o
 .text.SYSTICK_DelayUs
                0x00000000       0x3c build/CFDtest2_J18A/production/_ext/865585527/plib_systick.o
 .text.SYSTICK_TimerPeriodHasExpired
                0x00000000       0x10 build/CFDtest2_J18A/production/_ext/865585527/plib_systick.o
 .text          0x00000000        0x0 build/CFDtest2_J18A/production/_ext/1579996951/xc32_monitor.o
 .data          0x00000000        0x0 build/CFDtest2_J18A/production/_ext/1579996951/xc32_monitor.o
 .bss           0x00000000        0x0 build/CFDtest2_J18A/production/_ext/1579996951/xc32_monitor.o
 .text._mon_getc
                0x00000000        0x4 build/CFDtest2_J18A/production/_ext/1579996951/xc32_monitor.o
 .text._mon_putc
                0x00000000        0x2 build/CFDtest2_J18A/production/_ext/1579996951/xc32_monitor.o
 .debug_info    0x00000000      0x2b8 build/CFDtest2_J18A/production/_ext/1579996951/xc32_monitor.o
 .debug_abbrev  0x00000000       0x80 build/CFDtest2_J18A/production/_ext/1579996951/xc32_monitor.o
 .debug_loc     0x00000000       0x25 build/CFDtest2_J18A/production/_ext/1579996951/xc32_monitor.o
 .debug_aranges
                0x00000000       0x28 build/CFDtest2_J18A/production/_ext/1579996951/xc32_monitor.o
 .debug_ranges  0x00000000       0x18 build/CFDtest2_J18A/production/_ext/1579996951/xc32_monitor.o
 .debug_line    0x00000000       0x83 build/CFDtest2_J18A/production/_ext/1579996951/xc32_monitor.o
 .debug_str     0x00000000        0x0 build/CFDtest2_J18A/production/_ext/1579996951/xc32_monitor.o
 .comment       0x00000000       0x54 build/CFDtest2_J18A/production/_ext/1579996951/xc32_monitor.o
 .debug_frame   0x00000000       0x30 build/CFDtest2_J18A/production/_ext/1579996951/xc32_monitor.o
 .ARM.attributes
                0x00000000       0x2c build/CFDtest2_J18A/production/_ext/1579996951/xc32_monitor.o
 .text          0x00000000        0x0 build/CFDtest2_J18A/production/_ext/986139933/initialization.o
 .data          0x00000000        0x0 build/CFDtest2_J18A/production/_ext/986139933/initialization.o
 .bss           0x00000000        0x0 build/CFDtest2_J18A/production/_ext/986139933/initialization.o
 .text          0x00000000        0x0 build/CFDtest2_J18A/production/_ext/986139933/interrupts.o
 .data          0x00000000        0x0 build/CFDtest2_J18A/production/_ext/986139933/interrupts.o
 .bss           0x00000000        0x0 build/CFDtest2_J18A/production/_ext/986139933/interrupts.o
 .text          0x00000000        0x0 build/CFDtest2_J18A/production/_ext/986139933/exceptions.o
 .data          0x00000000        0x0 build/CFDtest2_J18A/production/_ext/986139933/exceptions.o
 .bss           0x00000000        0x0 build/CFDtest2_J18A/production/_ext/986139933/exceptions.o
 .text          0x00000000        0x0 build/CFDtest2_J18A/production/_ext/986139933/startup_xc32.o
 .data          0x00000000        0x0 build/CFDtest2_J18A/production/_ext/986139933/startup_xc32.o
 .bss           0x00000000        0x0 build/CFDtest2_J18A/production/_ext/986139933/startup_xc32.o
 .text          0x00000000        0x0 build/CFDtest2_J18A/production/_ext/986139933/libc_syscalls.o
 .data          0x00000000        0x0 build/CFDtest2_J18A/production/_ext/986139933/libc_syscalls.o
 .bss           0x00000000        0x0 build/CFDtest2_J18A/production/_ext/986139933/libc_syscalls.o
 .text._exit    0x00000000        0x2 build/CFDtest2_J18A/production/_ext/986139933/libc_syscalls.o
 .debug_info    0x00000000      0xf0c build/CFDtest2_J18A/production/_ext/986139933/libc_syscalls.o
 .debug_abbrev  0x00000000      0x1cc build/CFDtest2_J18A/production/_ext/986139933/libc_syscalls.o
 .debug_loc     0x00000000       0x15 build/CFDtest2_J18A/production/_ext/986139933/libc_syscalls.o
 .debug_aranges
                0x00000000       0x20 build/CFDtest2_J18A/production/_ext/986139933/libc_syscalls.o
 .debug_ranges  0x00000000       0x10 build/CFDtest2_J18A/production/_ext/986139933/libc_syscalls.o
 .debug_line    0x00000000      0x149 build/CFDtest2_J18A/production/_ext/986139933/libc_syscalls.o
 .debug_str     0x00000000        0xe build/CFDtest2_J18A/production/_ext/986139933/libc_syscalls.o
 .comment       0x00000000       0x54 build/CFDtest2_J18A/production/_ext/986139933/libc_syscalls.o
 .debug_frame   0x00000000       0x20 build/CFDtest2_J18A/production/_ext/986139933/libc_syscalls.o
 .ARM.attributes
                0x00000000       0x2c build/CFDtest2_J18A/production/_ext/986139933/libc_syscalls.o
 .text          0x00000000        0x0 build/CFDtest2_J18A/production/_ext/1360937237/main.o
 .data          0x00000000        0x0 build/CFDtest2_J18A/production/_ext/1360937237/main.o
 .bss           0x00000000        0x0 build/CFDtest2_J18A/production/_ext/1360937237/main.o
 .text          0x00000000        0x0 c:/program files/microchip/xc32/v3.01/bin/bin/../../lib/gcc/pic32c/8.3.1/../../../../pic32c/lib/thumb/v6-m/nofp\libpic32c.a(data_init.o)
 .data          0x00000000        0x0 c:/program files/microchip/xc32/v3.01/bin/bin/../../lib/gcc/pic32c/8.3.1/../../../../pic32c/lib/thumb/v6-m/nofp\libpic32c.a(data_init.o)
 .xc_stack_usage
                0x00000000       0x2a c:/program files/microchip/xc32/v3.01/bin/bin/../../lib/gcc/pic32c/8.3.1/../../../../pic32c/lib/thumb/v6-m/nofp\libpic32c.a(data_init.o)
 .xc_stack_usage.hdr
                0x00000000        0xe c:/program files/microchip/xc32/v3.01/bin/bin/../../lib/gcc/pic32c/8.3.1/../../../../pic32c/lib/thumb/v6-m/nofp\libpic32c.a(data_init.o)
 .text          0x00000000       0x40 c:/program files/microchip/xc32/v3.01/bin/bin/../../lib/gcc/pic32c/8.3.1/thumb/v6-m/nofp\libgcc.a(_aeabi_uldivmod.o)
 .data          0x00000000        0x0 c:/program files/microchip/xc32/v3.01/bin/bin/../../lib/gcc/pic32c/8.3.1/thumb/v6-m/nofp\libgcc.a(_aeabi_uldivmod.o)
 .bss           0x00000000        0x0 c:/program files/microchip/xc32/v3.01/bin/bin/../../lib/gcc/pic32c/8.3.1/thumb/v6-m/nofp\libgcc.a(_aeabi_uldivmod.o)
 .xc_stack_usage.hdr
                0x00000000        0xe c:/program files/microchip/xc32/v3.01/bin/bin/../../lib/gcc/pic32c/8.3.1/thumb/v6-m/nofp\libgcc.a(_aeabi_uldivmod.o)
 .xc_stack_usage
                0x00000000       0x1e c:/program files/microchip/xc32/v3.01/bin/bin/../../lib/gcc/pic32c/8.3.1/thumb/v6-m/nofp\libgcc.a(_aeabi_uldivmod.o)
 .debug_line    0x00000000       0xa7 c:/program files/microchip/xc32/v3.01/bin/bin/../../lib/gcc/pic32c/8.3.1/thumb/v6-m/nofp\libgcc.a(_aeabi_uldivmod.o)
 .debug_info    0x00000000       0x26 c:/program files/microchip/xc32/v3.01/bin/bin/../../lib/gcc/pic32c/8.3.1/thumb/v6-m/nofp\libgcc.a(_aeabi_uldivmod.o)
 .debug_abbrev  0x00000000       0x14 c:/program files/microchip/xc32/v3.01/bin/bin/../../lib/gcc/pic32c/8.3.1/thumb/v6-m/nofp\libgcc.a(_aeabi_uldivmod.o)
 .debug_aranges
                0x00000000       0x20 c:/program files/microchip/xc32/v3.01/bin/bin/../../lib/gcc/pic32c/8.3.1/thumb/v6-m/nofp\libgcc.a(_aeabi_uldivmod.o)
 .debug_str     0x00000000       0xee c:/program files/microchip/xc32/v3.01/bin/bin/../../lib/gcc/pic32c/8.3.1/thumb/v6-m/nofp\libgcc.a(_aeabi_uldivmod.o)
 .ARM.attributes
                0x00000000       0x1e c:/program files/microchip/xc32/v3.01/bin/bin/../../lib/gcc/pic32c/8.3.1/thumb/v6-m/nofp\libgcc.a(_aeabi_uldivmod.o)
 .text          0x00000000      0x1a4 c:/program files/microchip/xc32/v3.01/bin/bin/../../lib/gcc/pic32c/8.3.1/thumb/v6-m/nofp\libgcc.a(_udivmoddi4.o)
 .data          0x00000000        0x0 c:/program files/microchip/xc32/v3.01/bin/bin/../../lib/gcc/pic32c/8.3.1/thumb/v6-m/nofp\libgcc.a(_udivmoddi4.o)
 .bss           0x00000000        0x0 c:/program files/microchip/xc32/v3.01/bin/bin/../../lib/gcc/pic32c/8.3.1/thumb/v6-m/nofp\libgcc.a(_udivmoddi4.o)
 .xc_stack_usage
                0x00000000       0x1a c:/program files/microchip/xc32/v3.01/bin/bin/../../lib/gcc/pic32c/8.3.1/thumb/v6-m/nofp\libgcc.a(_udivmoddi4.o)
 .ARM.extab     0x00000000        0x0 c:/program files/microchip/xc32/v3.01/bin/bin/../../lib/gcc/pic32c/8.3.1/thumb/v6-m/nofp\libgcc.a(_udivmoddi4.o)
 .ARM.exidx     0x00000000        0x8 c:/program files/microchip/xc32/v3.01/bin/bin/../../lib/gcc/pic32c/8.3.1/thumb/v6-m/nofp\libgcc.a(_udivmoddi4.o)
 .xc_stack_usage.hdr
                0x00000000        0xe c:/program files/microchip/xc32/v3.01/bin/bin/../../lib/gcc/pic32c/8.3.1/thumb/v6-m/nofp\libgcc.a(_udivmoddi4.o)
 .debug_info    0x00000000     0x1c12 c:/program files/microchip/xc32/v3.01/bin/bin/../../lib/gcc/pic32c/8.3.1/thumb/v6-m/nofp\libgcc.a(_udivmoddi4.o)
 .debug_abbrev  0x00000000      0x157 c:/program files/microchip/xc32/v3.01/bin/bin/../../lib/gcc/pic32c/8.3.1/thumb/v6-m/nofp\libgcc.a(_udivmoddi4.o)
 .debug_loc     0x00000000      0x41c c:/program files/microchip/xc32/v3.01/bin/bin/../../lib/gcc/pic32c/8.3.1/thumb/v6-m/nofp\libgcc.a(_udivmoddi4.o)
 .debug_aranges
                0x00000000       0x20 c:/program files/microchip/xc32/v3.01/bin/bin/../../lib/gcc/pic32c/8.3.1/thumb/v6-m/nofp\libgcc.a(_udivmoddi4.o)
 .debug_line    0x00000000      0x3d7 c:/program files/microchip/xc32/v3.01/bin/bin/../../lib/gcc/pic32c/8.3.1/thumb/v6-m/nofp\libgcc.a(_udivmoddi4.o)
 .debug_str     0x00000000        0x0 c:/program files/microchip/xc32/v3.01/bin/bin/../../lib/gcc/pic32c/8.3.1/thumb/v6-m/nofp\libgcc.a(_udivmoddi4.o)
 .comment       0x00000000       0x54 c:/program files/microchip/xc32/v3.01/bin/bin/../../lib/gcc/pic32c/8.3.1/thumb/v6-m/nofp\libgcc.a(_udivmoddi4.o)
 .debug_frame   0x00000000       0x3c c:/program files/microchip/xc32/v3.01/bin/bin/../../lib/gcc/pic32c/8.3.1/thumb/v6-m/nofp\libgcc.a(_udivmoddi4.o)
 .ARM.attributes
                0x00000000       0x2c c:/program files/microchip/xc32/v3.01/bin/bin/../../lib/gcc/pic32c/8.3.1/thumb/v6-m/nofp\libgcc.a(_udivmoddi4.o)
 .text          0x00000000        0x4 c:/program files/microchip/xc32/v3.01/bin/bin/../../lib/gcc/pic32c/8.3.1/thumb/v6-m/nofp\libgcc.a(_dvmd_tls.o)
 .data          0x00000000        0x0 c:/program files/microchip/xc32/v3.01/bin/bin/../../lib/gcc/pic32c/8.3.1/thumb/v6-m/nofp\libgcc.a(_dvmd_tls.o)
 .bss           0x00000000        0x0 c:/program files/microchip/xc32/v3.01/bin/bin/../../lib/gcc/pic32c/8.3.1/thumb/v6-m/nofp\libgcc.a(_dvmd_tls.o)
 .xc_stack_usage.hdr
                0x00000000        0xe c:/program files/microchip/xc32/v3.01/bin/bin/../../lib/gcc/pic32c/8.3.1/thumb/v6-m/nofp\libgcc.a(_dvmd_tls.o)
 .xc_stack_usage
                0x00000000       0x36 c:/program files/microchip/xc32/v3.01/bin/bin/../../lib/gcc/pic32c/8.3.1/thumb/v6-m/nofp\libgcc.a(_dvmd_tls.o)
 .debug_line    0x00000000       0x9c c:/program files/microchip/xc32/v3.01/bin/bin/../../lib/gcc/pic32c/8.3.1/thumb/v6-m/nofp\libgcc.a(_dvmd_tls.o)
 .debug_info    0x00000000       0x26 c:/program files/microchip/xc32/v3.01/bin/bin/../../lib/gcc/pic32c/8.3.1/thumb/v6-m/nofp\libgcc.a(_dvmd_tls.o)
 .debug_abbrev  0x00000000       0x14 c:/program files/microchip/xc32/v3.01/bin/bin/../../lib/gcc/pic32c/8.3.1/thumb/v6-m/nofp\libgcc.a(_dvmd_tls.o)
 .debug_aranges
                0x00000000       0x20 c:/program files/microchip/xc32/v3.01/bin/bin/../../lib/gcc/pic32c/8.3.1/thumb/v6-m/nofp\libgcc.a(_dvmd_tls.o)
 .debug_str     0x00000000       0xee c:/program files/microchip/xc32/v3.01/bin/bin/../../lib/gcc/pic32c/8.3.1/thumb/v6-m/nofp\libgcc.a(_dvmd_tls.o)
 .ARM.attributes
                0x00000000       0x1e c:/program files/microchip/xc32/v3.01/bin/bin/../../lib/gcc/pic32c/8.3.1/thumb/v6-m/nofp\libgcc.a(_dvmd_tls.o)
 .text          0x00000000       0x18 c:/program files/microchip/xc32/v3.01/bin/bin/../../lib/gcc/pic32c/8.3.1/thumb/v6-m/nofp\libgcc.a(_clzdi2.o)
 .data          0x00000000        0x0 c:/program files/microchip/xc32/v3.01/bin/bin/../../lib/gcc/pic32c/8.3.1/thumb/v6-m/nofp\libgcc.a(_clzdi2.o)
 .bss           0x00000000        0x0 c:/program files/microchip/xc32/v3.01/bin/bin/../../lib/gcc/pic32c/8.3.1/thumb/v6-m/nofp\libgcc.a(_clzdi2.o)
 .xc_stack_usage.hdr
                0x00000000        0xe c:/program files/microchip/xc32/v3.01/bin/bin/../../lib/gcc/pic32c/8.3.1/thumb/v6-m/nofp\libgcc.a(_clzdi2.o)
 .xc_stack_usage
                0x00000000       0x16 c:/program files/microchip/xc32/v3.01/bin/bin/../../lib/gcc/pic32c/8.3.1/thumb/v6-m/nofp\libgcc.a(_clzdi2.o)
 .debug_line    0x00000000       0xa6 c:/program files/microchip/xc32/v3.01/bin/bin/../../lib/gcc/pic32c/8.3.1/thumb/v6-m/nofp\libgcc.a(_clzdi2.o)
 .debug_info    0x00000000       0x26 c:/program files/microchip/xc32/v3.01/bin/bin/../../lib/gcc/pic32c/8.3.1/thumb/v6-m/nofp\libgcc.a(_clzdi2.o)
 .debug_abbrev  0x00000000       0x14 c:/program files/microchip/xc32/v3.01/bin/bin/../../lib/gcc/pic32c/8.3.1/thumb/v6-m/nofp\libgcc.a(_clzdi2.o)
 .debug_aranges
                0x00000000       0x20 c:/program files/microchip/xc32/v3.01/bin/bin/../../lib/gcc/pic32c/8.3.1/thumb/v6-m/nofp\libgcc.a(_clzdi2.o)
 .debug_str     0x00000000       0xee c:/program files/microchip/xc32/v3.01/bin/bin/../../lib/gcc/pic32c/8.3.1/thumb/v6-m/nofp\libgcc.a(_clzdi2.o)
 .ARM.attributes
                0x00000000       0x1e c:/program files/microchip/xc32/v3.01/bin/bin/../../lib/gcc/pic32c/8.3.1/thumb/v6-m/nofp\libgcc.a(_clzdi2.o)
 .text          0x00000000       0x3c c:/program files/microchip/xc32/v3.01/bin/bin/../../lib/gcc/pic32c/8.3.1/thumb/v6-m/nofp\libgcc.a(_clzsi2.o)
 .data          0x00000000        0x0 c:/program files/microchip/xc32/v3.01/bin/bin/../../lib/gcc/pic32c/8.3.1/thumb/v6-m/nofp\libgcc.a(_clzsi2.o)
 .bss           0x00000000        0x0 c:/program files/microchip/xc32/v3.01/bin/bin/../../lib/gcc/pic32c/8.3.1/thumb/v6-m/nofp\libgcc.a(_clzsi2.o)
 .xc_stack_usage.hdr
                0x00000000        0xe c:/program files/microchip/xc32/v3.01/bin/bin/../../lib/gcc/pic32c/8.3.1/thumb/v6-m/nofp\libgcc.a(_clzsi2.o)
 .xc_stack_usage
                0x00000000       0x16 c:/program files/microchip/xc32/v3.01/bin/bin/../../lib/gcc/pic32c/8.3.1/thumb/v6-m/nofp\libgcc.a(_clzsi2.o)
 .debug_line    0x00000000       0xb0 c:/program files/microchip/xc32/v3.01/bin/bin/../../lib/gcc/pic32c/8.3.1/thumb/v6-m/nofp\libgcc.a(_clzsi2.o)
 .debug_info    0x00000000       0x26 c:/program files/microchip/xc32/v3.01/bin/bin/../../lib/gcc/pic32c/8.3.1/thumb/v6-m/nofp\libgcc.a(_clzsi2.o)
 .debug_abbrev  0x00000000       0x14 c:/program files/microchip/xc32/v3.01/bin/bin/../../lib/gcc/pic32c/8.3.1/thumb/v6-m/nofp\libgcc.a(_clzsi2.o)
 .debug_aranges
                0x00000000       0x20 c:/program files/microchip/xc32/v3.01/bin/bin/../../lib/gcc/pic32c/8.3.1/thumb/v6-m/nofp\libgcc.a(_clzsi2.o)
 .debug_str     0x00000000       0xee c:/program files/microchip/xc32/v3.01/bin/bin/../../lib/gcc/pic32c/8.3.1/thumb/v6-m/nofp\libgcc.a(_clzsi2.o)
 .ARM.attributes
                0x00000000       0x1e c:/program files/microchip/xc32/v3.01/bin/bin/../../lib/gcc/pic32c/8.3.1/thumb/v6-m/nofp\libgcc.a(_clzsi2.o)
 .text          0x00000000        0x0 c:/program files/microchip/xc32/v3.01/bin/bin/../../lib/gcc/pic32c/8.3.1/../../../../pic32c/lib/thumb/v6-m/nofp\libc_nano.a(lib_a-init.o)
 .data          0x00000000        0x0 c:/program files/microchip/xc32/v3.01/bin/bin/../../lib/gcc/pic32c/8.3.1/../../../../pic32c/lib/thumb/v6-m/nofp\libc_nano.a(lib_a-init.o)
 .bss           0x00000000        0x0 c:/program files/microchip/xc32/v3.01/bin/bin/../../lib/gcc/pic32c/8.3.1/../../../../pic32c/lib/thumb/v6-m/nofp\libc_nano.a(lib_a-init.o)
 .xc_stack_usage
                0x00000000       0x1f c:/program files/microchip/xc32/v3.01/bin/bin/../../lib/gcc/pic32c/8.3.1/../../../../pic32c/lib/thumb/v6-m/nofp\libc_nano.a(lib_a-init.o)
 .xc_stack_usage.hdr
                0x00000000        0xe c:/program files/microchip/xc32/v3.01/bin/bin/../../lib/gcc/pic32c/8.3.1/../../../../pic32c/lib/thumb/v6-m/nofp\libc_nano.a(lib_a-init.o)
 .text          0x00000000        0x0 c:/program files/microchip/xc32/v3.01/bin/bin/../../lib/gcc/pic32c/8.3.1/../../../../pic32c/lib/thumb/v6-m/nofp\libc_nano.a(lib_a-memcpy-stub.o)
 .data          0x00000000        0x0 c:/program files/microchip/xc32/v3.01/bin/bin/../../lib/gcc/pic32c/8.3.1/../../../../pic32c/lib/thumb/v6-m/nofp\libc_nano.a(lib_a-memcpy-stub.o)
 .bss           0x00000000        0x0 c:/program files/microchip/xc32/v3.01/bin/bin/../../lib/gcc/pic32c/8.3.1/../../../../pic32c/lib/thumb/v6-m/nofp\libc_nano.a(lib_a-memcpy-stub.o)
 .xc_stack_usage
                0x00000000       0x14 c:/program files/microchip/xc32/v3.01/bin/bin/../../lib/gcc/pic32c/8.3.1/../../../../pic32c/lib/thumb/v6-m/nofp\libc_nano.a(lib_a-memcpy-stub.o)
 .text.memcpy   0x00000000       0x12 c:/program files/microchip/xc32/v3.01/bin/bin/../../lib/gcc/pic32c/8.3.1/../../../../pic32c/lib/thumb/v6-m/nofp\libc_nano.a(lib_a-memcpy-stub.o)
 .xc_stack_usage.hdr
                0x00000000        0xe c:/program files/microchip/xc32/v3.01/bin/bin/../../lib/gcc/pic32c/8.3.1/../../../../pic32c/lib/thumb/v6-m/nofp\libc_nano.a(lib_a-memcpy-stub.o)
 .comment       0x00000000       0x54 c:/program files/microchip/xc32/v3.01/bin/bin/../../lib/gcc/pic32c/8.3.1/../../../../pic32c/lib/thumb/v6-m/nofp\libc_nano.a(lib_a-memcpy-stub.o)
 .ARM.attributes
                0x00000000       0x2c c:/program files/microchip/xc32/v3.01/bin/bin/../../lib/gcc/pic32c/8.3.1/../../../../pic32c/lib/thumb/v6-m/nofp\libc_nano.a(lib_a-memcpy-stub.o)
 .text          0x00000000        0x0 c:/program files/microchip/xc32/v3.01/bin/bin/../../lib/gcc/pic32c/8.3.1/thumb/v6-m/nofp/crtend.o
 .data          0x00000000        0x0 c:/program files/microchip/xc32/v3.01/bin/bin/../../lib/gcc/pic32c/8.3.1/thumb/v6-m/nofp/crtend.o
 .bss           0x00000000        0x0 c:/program files/microchip/xc32/v3.01/bin/bin/../../lib/gcc/pic32c/8.3.1/thumb/v6-m/nofp/crtend.o
 .eh_frame      0x00000000        0x4 c:/program files/microchip/xc32/v3.01/bin/bin/../../lib/gcc/pic32c/8.3.1/thumb/v6-m/nofp/crtend.o
 .xc_stack_usage.hdr
                0x00000000        0xe c:/program files/microchip/xc32/v3.01/bin/bin/../../lib/gcc/pic32c/8.3.1/thumb/v6-m/nofp/crtend.o
 .comment       0x00000000       0x54 c:/program files/microchip/xc32/v3.01/bin/bin/../../lib/gcc/pic32c/8.3.1/thumb/v6-m/nofp/crtend.o
 .ARM.attributes
                0x00000000       0x2c c:/program files/microchip/xc32/v3.01/bin/bin/../../lib/gcc/pic32c/8.3.1/thumb/v6-m/nofp/crtend.o
 .text          0x00000000        0x0 c:/program files/microchip/xc32/v3.01/bin/bin/../../lib/gcc/pic32c/8.3.1/thumb/v6-m/nofp/crtn.o
 .data          0x00000000        0x0 c:/program files/microchip/xc32/v3.01/bin/bin/../../lib/gcc/pic32c/8.3.1/thumb/v6-m/nofp/crtn.o
 .bss           0x00000000        0x0 c:/program files/microchip/xc32/v3.01/bin/bin/../../lib/gcc/pic32c/8.3.1/thumb/v6-m/nofp/crtn.o
 .xc_stack_usage.hdr
                0x00000000        0xe c:/program files/microchip/xc32/v3.01/bin/bin/../../lib/gcc/pic32c/8.3.1/thumb/v6-m/nofp/crtn.o

Memory Configuration

Name             Origin             Length             Attributes
rom              0x00000000         0x00040000         xrl
ram              0x20000000         0x00008000         xw !r
config_00804000  0x00804000         0x00000004
config_00804004  0x00804004         0x00000004
*default*        0x00000000         0xffffffff

Linker script and memory map

LOAD c:/program files/microchip/xc32/v3.01/bin/bin/../../lib/gcc/pic32c/8.3.1/thumb/v6-m/nofp/crti.o
LOAD c:/program files/microchip/xc32/v3.01/bin/bin/../../lib/gcc/pic32c/8.3.1/thumb/v6-m/nofp/crtbegin.o
LOAD build/CFDtest2_J18A/production/_ext/1843999635/plib_clock.o
LOAD build/CFDtest2_J18A/production/_ext/1841850149/plib_evsys.o
LOAD build/CFDtest2_J18A/production/_ext/633589923/plib_nvic.o
LOAD build/CFDtest2_J18A/production/_ext/1100060625/plib_nvmctrl.o
LOAD build/CFDtest2_J18A/production/_ext/633643074/plib_port.o
LOAD build/CFDtest2_J18A/production/_ext/1978124120/plib_sercom4_usart.o
LOAD build/CFDtest2_J18A/production/_ext/865585527/plib_systick.o
LOAD build/CFDtest2_J18A/production/_ext/1579996951/xc32_monitor.o
LOAD build/CFDtest2_J18A/production/_ext/986139933/initialization.o
LOAD build/CFDtest2_J18A/production/_ext/986139933/interrupts.o
LOAD build/CFDtest2_J18A/production/_ext/986139933/exceptions.o
LOAD build/CFDtest2_J18A/production/_ext/986139933/startup_xc32.o
LOAD build/CFDtest2_J18A/production/_ext/986139933/libc_syscalls.o
LOAD build/CFDtest2_J18A/production/_ext/1360937237/main.o
                0x00000001                __MPLAB_BUILD = 0x1
                0x00040000                __rom_end = (ORIGIN (rom) + LENGTH (rom))
                0x20008000                __ram_end = (ORIGIN (ram) + LENGTH (ram))

.config_00804000
                0x00804000        0x4
 *(.config_00804000)
 .config_00804000
                0x00804000        0x4 build/CFDtest2_J18A/production/_ext/986139933/initialization.o
                0x00804000                __config_00804000

.config_00804004
                0x00804004        0x4
 *(.config_00804004)
 .config_00804004
                0x00804004        0x4 build/CFDtest2_J18A/production/_ext/986139933/initialization.o
                0x00804004                __config_00804004

.vectors        0x00000000       0xbc
                0x00000000                . = ALIGN (0x4)
                0x00000000                _sfixed = .
 *(.vectors .vectors.* .vectors_default .vectors_default.*)
 .vectors       0x00000000       0xbc build/CFDtest2_J18A/production/_ext/986139933/interrupts.o
                0x00000000                exception_table
 *(.isr_vector)
 *(.reset*)
 *(.after_vectors)

.text           0x000000bc       0x20
                0x000000bc                . = ALIGN (0x4)
 *(.glue_7t)
 .glue_7t       0x000000bc        0x0 linker stubs
 *(.glue_7)
 .glue_7        0x000000bc        0x0 linker stubs
 *(.gnu.linkonce.r.*)
 *(.ARM.extab* .gnu.linkonce.armextab.*)
                0x000000bc                . = ALIGN (0x4)
 *(.init)
 .init          0x000000bc        0x4 c:/program files/microchip/xc32/v3.01/bin/bin/../../lib/gcc/pic32c/8.3.1/thumb/v6-m/nofp/crti.o
                0x000000bc                _init
 .init          0x000000c0        0x8 c:/program files/microchip/xc32/v3.01/bin/bin/../../lib/gcc/pic32c/8.3.1/thumb/v6-m/nofp/crtn.o
                0x000000c8                . = ALIGN (0x4)
                0x000000c8                __preinit_array_start = .
 *(.preinit_array)
                0x000000c8                __preinit_array_end = .
                0x000000c8                . = ALIGN (0x4)
                0x000000c8                __init_array_start = .
 *(SORT_BY_NAME(.init_array.*))
 *(.init_array)
 .init_array    0x000000c8        0x4 c:/program files/microchip/xc32/v3.01/bin/bin/../../lib/gcc/pic32c/8.3.1/thumb/v6-m/nofp/crtbegin.o
                0x000000cc                __init_array_end = .
                0x000000cc                . = ALIGN (0x4)
 *crtbegin.o(.ctors)
 *(EXCLUDE_FILE(*crtend.o) .ctors)
 *(SORT_BY_NAME(.ctors.*))
 *crtend.o(.ctors)
                0x000000cc                . = ALIGN (0x4)
 *(.fini)
 .fini          0x000000cc        0x4 c:/program files/microchip/xc32/v3.01/bin/bin/../../lib/gcc/pic32c/8.3.1/thumb/v6-m/nofp/crti.o
                0x000000cc                _fini
 .fini          0x000000d0        0x8 c:/program files/microchip/xc32/v3.01/bin/bin/../../lib/gcc/pic32c/8.3.1/thumb/v6-m/nofp/crtn.o
                0x000000d8                . = ALIGN (0x4)
                0x000000d8                __fini_array_start = .
 *(.fini_array)
 .fini_array    0x000000d8        0x4 c:/program files/microchip/xc32/v3.01/bin/bin/../../lib/gcc/pic32c/8.3.1/thumb/v6-m/nofp/crtbegin.o
 *(SORT_BY_NAME(.fini_array.*))
                0x000000dc                __fini_array_end = .
 *crtbegin.o(.dtors)
 *(EXCLUDE_FILE(*crtend.o) .dtors)
 *(SORT_BY_NAME(.dtors.*))
 *crtend.o(.dtors)
                0x000000dc                . = ALIGN (0x4)
                0x000000dc                _efixed = .
                [!provide]                PROVIDE (__exidx_start = .)

.ARM.exidx
 *(.ARM.exidx* .gnu.linkonce.armexidx.*)
                [!provide]                PROVIDE (__exidx_end = .)
                0x000000dc                . = ALIGN (0x4)
                0x000000dc                _etext = .

.bss            0x20000000        0x0
                0x20000000                . = ALIGN (0x4)
                0x20000000                __bss_start__ = .
                0x20000000                _sbss = .
                0x20000000                _szero = .
 *(COMMON)
                0x20000000                . = ALIGN (0x4)
                0x20000000                __bss_end__ = .
                0x20000000                _ebss = .
                0x20000000                _ezero = .
                0x20000000                . = ALIGN (0x4)
                0x20000000                _end = .
                0x20007fff                _ram_end_ = ((ORIGIN (ram) + LENGTH (ram)) - 0x1)
                0x00000200                _min_heap_size = 0x200
START GROUP
LOAD c:/program files/microchip/xc32/v3.01/bin/bin/../../lib/gcc/pic32c/8.3.1/../../../../pic32c/lib/thumb/v6-m/nofp\libpic32c.a
LOAD c:/program files/microchip/xc32/v3.01/bin/bin/../../lib/gcc/pic32c/8.3.1/thumb/v6-m/nofp\libgcc.a
LOAD c:/program files/microchip/xc32/v3.01/bin/bin/../../lib/gcc/pic32c/8.3.1/../../../../pic32c/lib/thumb/v6-m/nofp\libm_nano.a
LOAD c:/program files/microchip/xc32/v3.01/bin/bin/../../lib/gcc/pic32c/8.3.1/../../../../pic32c/lib/thumb/v6-m/nofp\libc_nano.a
END GROUP
LOAD c:/program files/microchip/xc32/v3.01/bin/bin/../../lib/gcc/pic32c/8.3.1/thumb/v6-m/nofp/crtend.o
LOAD c:/program files/microchip/xc32/v3.01/bin/bin/../../lib/gcc/pic32c/8.3.1/thumb/v6-m/nofp/crtn.o
OUTPUT(dist/CFDtest2_J18A/production/CFDtest2_J18A.X.production.elf elf32-littlearm)
LOAD stack
LOAD data_init

.ARM.attributes
                0x00000000       0x2a
 .ARM.attributes
                0x00000000       0x1e c:/program files/microchip/xc32/v3.01/bin/bin/../../lib/gcc/pic32c/8.3.1/thumb/v6-m/nofp/crti.o
 .ARM.attributes
                0x0000001e       0x2c c:/program files/microchip/xc32/v3.01/bin/bin/../../lib/gcc/pic32c/8.3.1/thumb/v6-m/nofp/crtbegin.o
 .ARM.attributes
                0x0000004a       0x2c build/CFDtest2_J18A/production/_ext/1843999635/plib_clock.o
 .ARM.attributes
                0x00000076       0x2c build/CFDtest2_J18A/production/_ext/1841850149/plib_evsys.o
 .ARM.attributes
                0x000000a2       0x2c build/CFDtest2_J18A/production/_ext/633589923/plib_nvic.o
 .ARM.attributes
                0x000000ce       0x2c build/CFDtest2_J18A/production/_ext/1100060625/plib_nvmctrl.o
 .ARM.attributes
                0x000000fa       0x2c build/CFDtest2_J18A/production/_ext/633643074/plib_port.o
 .ARM.attributes
                0x00000126       0x2c build/CFDtest2_J18A/production/_ext/1978124120/plib_sercom4_usart.o
 .ARM.attributes
                0x00000152       0x2c build/CFDtest2_J18A/production/_ext/865585527/plib_systick.o
 .ARM.attributes
                0x0000017e       0x2c build/CFDtest2_J18A/production/_ext/986139933/initialization.o
 .ARM.attributes
                0x000001aa       0x2c build/CFDtest2_J18A/production/_ext/986139933/interrupts.o
 .ARM.attributes
                0x000001d6       0x2c build/CFDtest2_J18A/production/_ext/986139933/exceptions.o
 .ARM.attributes
                0x00000202       0x2c build/CFDtest2_J18A/production/_ext/986139933/startup_xc32.o
 .ARM.attributes
                0x0000022e       0x2c build/CFDtest2_J18A/production/_ext/1360937237/main.o
 .ARM.attributes
                0x0000025a       0x2c c:/program files/microchip/xc32/v3.01/bin/bin/../../lib/gcc/pic32c/8.3.1/../../../../pic32c/lib/thumb/v6-m/nofp\libpic32c.a(data_init.o)
 .ARM.attributes
                0x00000286       0x2c c:/program files/microchip/xc32/v3.01/bin/bin/../../lib/gcc/pic32c/8.3.1/../../../../pic32c/lib/thumb/v6-m/nofp\libc_nano.a(lib_a-init.o)
 .ARM.attributes
                0x000002b2       0x1e c:/program files/microchip/xc32/v3.01/bin/bin/../../lib/gcc/pic32c/8.3.1/thumb/v6-m/nofp/crtn.o

.comment        0x00000000       0x53
 .comment       0x00000000       0x53 c:/program files/microchip/xc32/v3.01/bin/bin/../../lib/gcc/pic32c/8.3.1/thumb/v6-m/nofp/crtbegin.o
                                 0x54 (size before relaxing)
 .comment       0x00000053       0x54 build/CFDtest2_J18A/production/_ext/1843999635/plib_clock.o
 .comment       0x00000053       0x54 build/CFDtest2_J18A/production/_ext/1841850149/plib_evsys.o
 .comment       0x00000053       0x54 build/CFDtest2_J18A/production/_ext/633589923/plib_nvic.o
 .comment       0x00000053       0x54 build/CFDtest2_J18A/production/_ext/1100060625/plib_nvmctrl.o
 .comment       0x00000053       0x54 build/CFDtest2_J18A/production/_ext/633643074/plib_port.o
 .comment       0x00000053       0x54 build/CFDtest2_J18A/production/_ext/1978124120/plib_sercom4_usart.o
 .comment       0x00000053       0x54 build/CFDtest2_J18A/production/_ext/865585527/plib_systick.o
 .comment       0x00000053       0x54 build/CFDtest2_J18A/production/_ext/986139933/initialization.o
 .comment       0x00000053       0x54 build/CFDtest2_J18A/production/_ext/986139933/interrupts.o
 .comment       0x00000053       0x54 build/CFDtest2_J18A/production/_ext/986139933/exceptions.o
 .comment       0x00000053       0x54 build/CFDtest2_J18A/production/_ext/986139933/startup_xc32.o
 .comment       0x00000053       0x54 build/CFDtest2_J18A/production/_ext/1360937237/main.o
 .comment       0x00000053       0x54 c:/program files/microchip/xc32/v3.01/bin/bin/../../lib/gcc/pic32c/8.3.1/../../../../pic32c/lib/thumb/v6-m/nofp\libpic32c.a(data_init.o)
 .comment       0x00000053       0x54 c:/program files/microchip/xc32/v3.01/bin/bin/../../lib/gcc/pic32c/8.3.1/../../../../pic32c/lib/thumb/v6-m/nofp\libc_nano.a(lib_a-init.o)

.debug_info     0x00000000     0x861d
 .debug_info    0x00000000      0xb5b build/CFDtest2_J18A/production/_ext/1843999635/plib_clock.o
 .debug_info    0x00000b5b      0x327 build/CFDtest2_J18A/production/_ext/1841850149/plib_evsys.o
 .debug_info    0x00000e82      0xa9b build/CFDtest2_J18A/production/_ext/633589923/plib_nvic.o
 .debug_info    0x0000191d     0x1682 build/CFDtest2_J18A/production/_ext/1100060625/plib_nvmctrl.o
 .debug_info    0x00002f9f      0xd8d build/CFDtest2_J18A/production/_ext/633643074/plib_port.o
 .debug_info    0x00003d2c     0x1877 build/CFDtest2_J18A/production/_ext/1978124120/plib_sercom4_usart.o
 .debug_info    0x000055a3      0x6b1 build/CFDtest2_J18A/production/_ext/865585527/plib_systick.o
 .debug_info    0x00005c54      0x692 build/CFDtest2_J18A/production/_ext/986139933/initialization.o
 .debug_info    0x000062e6      0x8e8 build/CFDtest2_J18A/production/_ext/986139933/interrupts.o
 .debug_info    0x00006bce      0x34b build/CFDtest2_J18A/production/_ext/986139933/exceptions.o
 .debug_info    0x00006f19      0x4cd build/CFDtest2_J18A/production/_ext/986139933/startup_xc32.o
 .debug_info    0x000073e6      0xf74 build/CFDtest2_J18A/production/_ext/1360937237/main.o
 .debug_info    0x0000835a      0x2c3 c:/program files/microchip/xc32/v3.01/bin/bin/../../lib/gcc/pic32c/8.3.1/../../../../pic32c/lib/thumb/v6-m/nofp\libpic32c.a(data_init.o)

.debug_abbrev   0x00000000     0x11c8
 .debug_abbrev  0x00000000      0x14f build/CFDtest2_J18A/production/_ext/1843999635/plib_clock.o
 .debug_abbrev  0x0000014f       0x3b build/CFDtest2_J18A/production/_ext/1841850149/plib_evsys.o
 .debug_abbrev  0x0000018a      0x1e1 build/CFDtest2_J18A/production/_ext/633589923/plib_nvic.o
 .debug_abbrev  0x0000036b      0x2a7 build/CFDtest2_J18A/production/_ext/1100060625/plib_nvmctrl.o
 .debug_abbrev  0x00000612      0x1d6 build/CFDtest2_J18A/production/_ext/633643074/plib_port.o
 .debug_abbrev  0x000007e8      0x37f build/CFDtest2_J18A/production/_ext/1978124120/plib_sercom4_usart.o
 .debug_abbrev  0x00000b67      0x117 build/CFDtest2_J18A/production/_ext/865585527/plib_systick.o
 .debug_abbrev  0x00000c7e       0xfa build/CFDtest2_J18A/production/_ext/986139933/initialization.o
 .debug_abbrev  0x00000d78       0xa6 build/CFDtest2_J18A/production/_ext/986139933/interrupts.o
 .debug_abbrev  0x00000e1e       0x3e build/CFDtest2_J18A/production/_ext/986139933/exceptions.o
 .debug_abbrev  0x00000e5c      0x11f build/CFDtest2_J18A/production/_ext/986139933/startup_xc32.o
 .debug_abbrev  0x00000f7b      0x21f build/CFDtest2_J18A/production/_ext/1360937237/main.o
 .debug_abbrev  0x0000119a       0x2e c:/program files/microchip/xc32/v3.01/bin/bin/../../lib/gcc/pic32c/8.3.1/../../../../pic32c/lib/thumb/v6-m/nofp\libpic32c.a(data_init.o)

.debug_loc      0x00000000     0x1292
 .debug_loc     0x00000000       0x45 build/CFDtest2_J18A/production/_ext/1843999635/plib_clock.o
 .debug_loc     0x00000045       0x70 build/CFDtest2_J18A/production/_ext/633589923/plib_nvic.o
 .debug_loc     0x000000b5      0x530 build/CFDtest2_J18A/production/_ext/1100060625/plib_nvmctrl.o
 .debug_loc     0x000005e5      0x226 build/CFDtest2_J18A/production/_ext/633643074/plib_port.o
 .debug_loc     0x0000080b      0x6ba build/CFDtest2_J18A/production/_ext/1978124120/plib_sercom4_usart.o
 .debug_loc     0x00000ec5      0x2d3 build/CFDtest2_J18A/production/_ext/865585527/plib_systick.o
 .debug_loc     0x00001198       0x45 build/CFDtest2_J18A/production/_ext/986139933/initialization.o
 .debug_loc     0x000011dd       0x20 build/CFDtest2_J18A/production/_ext/986139933/startup_xc32.o
 .debug_loc     0x000011fd       0x81 build/CFDtest2_J18A/production/_ext/1360937237/main.o
 .debug_loc     0x0000127e       0x14 c:/program files/microchip/xc32/v3.01/bin/bin/../../lib/gcc/pic32c/8.3.1/../../../../pic32c/lib/thumb/v6-m/nofp\libpic32c.a(data_init.o)

.debug_aranges  0x00000000      0x360
 .debug_aranges
                0x00000000       0x20 build/CFDtest2_J18A/production/_ext/1843999635/plib_clock.o
 .debug_aranges
                0x00000020       0x20 build/CFDtest2_J18A/production/_ext/1841850149/plib_evsys.o
 .debug_aranges
                0x00000040       0x38 build/CFDtest2_J18A/production/_ext/633589923/plib_nvic.o
 .debug_aranges
                0x00000078       0x88 build/CFDtest2_J18A/production/_ext/1100060625/plib_nvmctrl.o
 .debug_aranges
                0x00000100       0x70 build/CFDtest2_J18A/production/_ext/633643074/plib_port.o
 .debug_aranges
                0x00000170       0xb0 build/CFDtest2_J18A/production/_ext/1978124120/plib_sercom4_usart.o
 .debug_aranges
                0x00000220       0x70 build/CFDtest2_J18A/production/_ext/865585527/plib_systick.o
 .debug_aranges
                0x00000290       0x20 build/CFDtest2_J18A/production/_ext/986139933/initialization.o
 .debug_aranges
                0x000002b0       0x20 build/CFDtest2_J18A/production/_ext/986139933/interrupts.o
 .debug_aranges
                0x000002d0       0x28 build/CFDtest2_J18A/production/_ext/986139933/exceptions.o
 .debug_aranges
                0x000002f8       0x28 build/CFDtest2_J18A/production/_ext/986139933/startup_xc32.o
 .debug_aranges
                0x00000320       0x20 build/CFDtest2_J18A/production/_ext/1360937237/main.o
 .debug_aranges
                0x00000340       0x20 c:/program files/microchip/xc32/v3.01/bin/bin/../../lib/gcc/pic32c/8.3.1/../../../../pic32c/lib/thumb/v6-m/nofp\libpic32c.a(data_init.o)

.debug_ranges   0x00000000      0x2d8
 .debug_ranges  0x00000000       0x10 build/CFDtest2_J18A/production/_ext/1843999635/plib_clock.o
 .debug_ranges  0x00000010       0x10 build/CFDtest2_J18A/production/_ext/1841850149/plib_evsys.o
 .debug_ranges  0x00000020       0x28 build/CFDtest2_J18A/production/_ext/633589923/plib_nvic.o
 .debug_ranges  0x00000048       0x78 build/CFDtest2_J18A/production/_ext/1100060625/plib_nvmctrl.o
 .debug_ranges  0x000000c0       0x60 build/CFDtest2_J18A/production/_ext/633643074/plib_port.o
 .debug_ranges  0x00000120       0xd0 build/CFDtest2_J18A/production/_ext/1978124120/plib_sercom4_usart.o
 .debug_ranges  0x000001f0       0x60 build/CFDtest2_J18A/production/_ext/865585527/plib_systick.o
 .debug_ranges  0x00000250       0x10 build/CFDtest2_J18A/production/_ext/986139933/initialization.o
 .debug_ranges  0x00000260       0x10 build/CFDtest2_J18A/production/_ext/986139933/interrupts.o
 .debug_ranges  0x00000270       0x18 build/CFDtest2_J18A/production/_ext/986139933/exceptions.o
 .debug_ranges  0x00000288       0x18 build/CFDtest2_J18A/production/_ext/986139933/startup_xc32.o
 .debug_ranges  0x000002a0       0x28 build/CFDtest2_J18A/production/_ext/1360937237/main.o
 .debug_ranges  0x000002c8       0x10 c:/program files/microchip/xc32/v3.01/bin/bin/../../lib/gcc/pic32c/8.3.1/../../../../pic32c/lib/thumb/v6-m/nofp\libpic32c.a(data_init.o)

.debug_line     0x00000000     0x2381
 .debug_line    0x00000000      0x291 build/CFDtest2_J18A/production/_ext/1843999635/plib_clock.o
 .debug_line    0x00000291       0x6c build/CFDtest2_J18A/production/_ext/1841850149/plib_evsys.o
 .debug_line    0x000002fd      0x2ed build/CFDtest2_J18A/production/_ext/633589923/plib_nvic.o
 .debug_line    0x000005ea      0x45b build/CFDtest2_J18A/production/_ext/1100060625/plib_nvmctrl.o
 .debug_line    0x00000a45      0x2da build/CFDtest2_J18A/production/_ext/633643074/plib_port.o
 .debug_line    0x00000d1f      0x933 build/CFDtest2_J18A/production/_ext/1978124120/plib_sercom4_usart.o
 .debug_line    0x00001652      0x364 build/CFDtest2_J18A/production/_ext/865585527/plib_systick.o
 .debug_line    0x000019b6      0x305 build/CFDtest2_J18A/production/_ext/986139933/initialization.o
 .debug_line    0x00001cbb      0x10a build/CFDtest2_J18A/production/_ext/986139933/interrupts.o
 .debug_line    0x00001dc5       0x74 build/CFDtest2_J18A/production/_ext/986139933/exceptions.o
 .debug_line    0x00001e39      0x1a9 build/CFDtest2_J18A/production/_ext/986139933/startup_xc32.o
 .debug_line    0x00001fe2      0x26d build/CFDtest2_J18A/production/_ext/1360937237/main.o
 .debug_line    0x0000224f      0x132 c:/program files/microchip/xc32/v3.01/bin/bin/../../lib/gcc/pic32c/8.3.1/../../../../pic32c/lib/thumb/v6-m/nofp\libpic32c.a(data_init.o)

.debug_str      0x00000000      0x292
 .debug_str     0x00000000       0x1e build/CFDtest2_J18A/production/_ext/1843999635/plib_clock.o
 .debug_str     0x0000001e        0x0 build/CFDtest2_J18A/production/_ext/1841850149/plib_evsys.o
 .debug_str     0x0000001e        0xa build/CFDtest2_J18A/production/_ext/633589923/plib_nvic.o
 .debug_str     0x00000028       0x1f build/CFDtest2_J18A/production/_ext/1100060625/plib_nvmctrl.o
 .debug_str     0x00000047        0xb build/CFDtest2_J18A/production/_ext/633643074/plib_port.o
 .debug_str     0x00000052      0x10e build/CFDtest2_J18A/production/_ext/1978124120/plib_sercom4_usart.o
 .debug_str     0x00000160       0x3c build/CFDtest2_J18A/production/_ext/865585527/plib_systick.o
 .debug_str     0x0000019c       0x86 build/CFDtest2_J18A/production/_ext/986139933/initialization.o
 .debug_str     0x00000222        0x0 build/CFDtest2_J18A/production/_ext/986139933/interrupts.o
 .debug_str     0x00000222        0x0 build/CFDtest2_J18A/production/_ext/986139933/exceptions.o
 .debug_str     0x00000222       0x2f build/CFDtest2_J18A/production/_ext/986139933/startup_xc32.o
 .debug_str     0x00000251       0x41 build/CFDtest2_J18A/production/_ext/1360937237/main.o
 .debug_str     0x00000292        0x0 c:/program files/microchip/xc32/v3.01/bin/bin/../../lib/gcc/pic32c/8.3.1/../../../../pic32c/lib/thumb/v6-m/nofp\libpic32c.a(data_init.o)

.debug_frame    0x00000000      0x5dc
 .debug_frame   0x00000000       0x20 build/CFDtest2_J18A/production/_ext/1843999635/plib_clock.o
 .debug_frame   0x00000020       0x20 build/CFDtest2_J18A/production/_ext/1841850149/plib_evsys.o
 .debug_frame   0x00000040       0x50 build/CFDtest2_J18A/production/_ext/633589923/plib_nvic.o
 .debug_frame   0x00000090      0x114 build/CFDtest2_J18A/production/_ext/1100060625/plib_nvmctrl.o
 .debug_frame   0x000001a4       0xcc build/CFDtest2_J18A/production/_ext/633643074/plib_port.o
 .debug_frame   0x00000270      0x180 build/CFDtest2_J18A/production/_ext/1978124120/plib_sercom4_usart.o
 .debug_frame   0x000003f0       0xd8 build/CFDtest2_J18A/production/_ext/865585527/plib_systick.o
 .debug_frame   0x000004c8       0x28 build/CFDtest2_J18A/production/_ext/986139933/initialization.o
 .debug_frame   0x000004f0       0x20 build/CFDtest2_J18A/production/_ext/986139933/interrupts.o
 .debug_frame   0x00000510       0x30 build/CFDtest2_J18A/production/_ext/986139933/exceptions.o
 .debug_frame   0x00000540       0x38 build/CFDtest2_J18A/production/_ext/986139933/startup_xc32.o
 .debug_frame   0x00000578       0x30 build/CFDtest2_J18A/production/_ext/1360937237/main.o
 .debug_frame   0x000005a8       0x34 c:/program files/microchip/xc32/v3.01/bin/bin/../../lib/gcc/pic32c/8.3.1/../../../../pic32c/lib/thumb/v6-m/nofp\libpic32c.a(data_init.o)

.stack          0x20000270      0x100
 .stack         0x20000270      0x100 stack

.bss.sercom4USARTObj%1
                0x20000000       0x30
 .bss.sercom4USARTObj
                0x20000000       0x30 build/CFDtest2_J18A/production/_ext/1978124120/plib_sercom4_usart.o

.bss%2          0x20000030       0x20
 .bss           0x20000030       0x1c c:/program files/microchip/xc32/v3.01/bin/bin/../../lib/gcc/pic32c/8.3.1/thumb/v6-m/nofp/crtbegin.o
 .bss           0x2000004c        0x4 c:/program files/microchip/xc32/v3.01/bin/bin/../../lib/gcc/pic32c/8.3.1/../../../../pic32c/lib/thumb/v6-m/nofp\libpic32c.a(data_init.o)

.eh_frame%z1    0x00000000        0x0
 .eh_frame      0x00000000        0x0 c:/program files/microchip/xc32/v3.01/bin/bin/../../lib/gcc/pic32c/8.3.1/thumb/v6-m/nofp/crtbegin.o

.text.SERCOM4_USART_InterruptHandler%4
                0x000000dc      0x180
 .text.SERCOM4_USART_InterruptHandler
                0x000000dc      0x180 build/CFDtest2_J18A/production/_ext/1978124120/plib_sercom4_usart.o
                0x000000dc                SERCOM4_USART_InterruptHandler

.text.CLOCK_Initialize%5
                0x0000025c       0xc4
 .text.CLOCK_Initialize
                0x0000025c       0xc4 build/CFDtest2_J18A/production/_ext/1843999635/plib_clock.o
                0x0000025c                CLOCK_Initialize

.text.__pic32c_data_initialization%6
                0x00000320       0x90
 .text.__pic32c_data_initialization
                0x00000320       0x90 c:/program files/microchip/xc32/v3.01/bin/bin/../../lib/gcc/pic32c/8.3.1/../../../../pic32c/lib/thumb/v6-m/nofp\libpic32c.a(data_init.o)
                0x00000320                __pic32c_data_initialization

.text.SERCOM4_USART_Write%7
                0x000003b0       0x60
 .text.SERCOM4_USART_Write
                0x000003b0       0x60 build/CFDtest2_J18A/production/_ext/1978124120/plib_sercom4_usart.o
                0x000003b0                SERCOM4_USART_Write

.text.SERCOM4_USART_Initialize%8
                0x00000410       0x54
 .text.SERCOM4_USART_Initialize
                0x00000410       0x54 build/CFDtest2_J18A/production/_ext/1978124120/plib_sercom4_usart.o
                0x00000410                SERCOM4_USART_Initialize

.text%9         0x00000464       0x48
 .text          0x00000464       0x48 c:/program files/microchip/xc32/v3.01/bin/bin/../../lib/gcc/pic32c/8.3.1/thumb/v6-m/nofp/crtbegin.o

.text.Reset_Handler%10
                0x000004ac       0x48
 .text.Reset_Handler
                0x000004ac       0x48 build/CFDtest2_J18A/production/_ext/986139933/startup_xc32.o
                0x000004ac                Reset_Handler

.text.__libc_init_array%11
                0x000004f4       0x48
 .text.__libc_init_array
                0x000004f4       0x48 c:/program files/microchip/xc32/v3.01/bin/bin/../../lib/gcc/pic32c/8.3.1/../../../../pic32c/lib/thumb/v6-m/nofp\libc_nano.a(lib_a-init.o)
                0x000004f4                __libc_init_array

.text.SYSTICK_DelayMs%12
                0x0000053c       0x40
 .text.SYSTICK_DelayMs
                0x0000053c       0x40 build/CFDtest2_J18A/production/_ext/865585527/plib_systick.o
                0x0000053c                SYSTICK_DelayMs

.text.main%13   0x0000057c       0x40
 .text.main     0x0000057c       0x40 build/CFDtest2_J18A/production/_ext/1360937237/main.o
                0x0000057c                main

.dinit%14       0x000005bc       0x30
 .dinit         0x000005bc       0x30 data_init

.text.NVIC_Initialize%15
                0x000005ec       0x2c
 .text.NVIC_Initialize
                0x000005ec       0x2c build/CFDtest2_J18A/production/_ext/633589923/plib_nvic.o
                0x000005ec                NVIC_Initialize

.text.SERCOM4_USART_ErrorClear%16
                0x00000618       0x2c
 .text.SERCOM4_USART_ErrorClear
                0x00000618       0x2c build/CFDtest2_J18A/production/_ext/1978124120/plib_sercom4_usart.o

.text.SYS_Initialize%17
                0x00000644       0x2c
 .text.SYS_Initialize
                0x00000644       0x2c build/CFDtest2_J18A/production/_ext/986139933/initialization.o
                0x00000644                SYS_Initialize

.text.SYSTICK_TimerInitialize%18
                0x00000670       0x1c
 .text.SYSTICK_TimerInitialize
                0x00000670       0x1c build/CFDtest2_J18A/production/_ext/865585527/plib_systick.o
                0x00000670                SYSTICK_TimerInitialize

.text.PORT_Initialize%19
                0x0000068c       0x16
 .text.PORT_Initialize
                0x0000068c       0x16 build/CFDtest2_J18A/production/_ext/633643074/plib_port.o
                0x0000068c                PORT_Initialize

.text.NVMCTRL_Initialize%20
                0x000006a4        0xc
 .text.NVMCTRL_Initialize
                0x000006a4        0xc build/CFDtest2_J18A/production/_ext/1100060625/plib_nvmctrl.o
                0x000006a4                NVMCTRL_Initialize

.rodata%21      0x000006b0        0xc
 .rodata        0x000006b0        0xc build/CFDtest2_J18A/production/_ext/1360937237/main.o

.text.EVSYS_Initialize%22
                0x000006a2        0x2
 .text.EVSYS_Initialize
                0x000006a2        0x2 build/CFDtest2_J18A/production/_ext/1841850149/plib_evsys.o
                0x000006a2                EVSYS_Initialize

.text.Dummy_Handler%23
                0x000006bc        0x2
 .text.Dummy_Handler
                0x000006bc        0x2 build/CFDtest2_J18A/production/_ext/986139933/interrupts.o
                0x000006bc                SVCall_Handler
                0x000006bc                DMAC_Handler
                0x000006bc                TC2_Handler
                0x000006bc                AC_Handler
                0x000006bc                SysTick_Handler
                0x000006bc                PendSV_Handler
                0x000006bc                SERCOM1_Handler
                0x000006bc                TCC1_Handler
                0x000006bc                SERCOM2_Handler
                0x000006bc                TCC0_Handler
                0x000006bc                RTC_Handler
                0x000006bc                ADC1_Handler
                0x000006bc                EIC_Handler
                0x000006bc                WDT_Handler
                0x000006bc                CAN0_Handler
                0x000006bc                TC4_Handler
                0x000006bc                TC1_Handler
                0x000006bc                TC3_Handler
                0x000006bc                SDADC_Handler
                0x000006bc                Dummy_Handler
                0x000006bc                SERCOM5_Handler
                0x000006bc                CAN1_Handler
                0x000006bc                ADC0_Handler
                0x000006bc                TSENS_Handler
                0x000006bc                TCC2_Handler
                0x000006bc                EVSYS_Handler
                0x000006bc                SERCOM3_Handler
                0x000006bc                NVMCTRL_Handler
                0x000006bc                SYSTEM_Handler
                0x000006bc                SERCOM0_Handler
                0x000006bc                DAC_Handler
                0x000006bc                PTC_Handler
                0x000006bc                FREQM_Handler
                0x000006bc                TC0_Handler

.text.NonMaskableInt_Handler%24
                0x000006be        0x2
 .text.NonMaskableInt_Handler
                0x000006be        0x2 build/CFDtest2_J18A/production/_ext/986139933/exceptions.o
                0x000006be                NonMaskableInt_Handler

.text.HardFault_Handler%25
                0x000006c0        0x2
 .text.HardFault_Handler
                0x000006c0        0x2 build/CFDtest2_J18A/production/_ext/986139933/exceptions.o
                0x000006c0                HardFault_Handler

.text.Dummy_App_Func%26
                0x000006c2        0x2
 .text.Dummy_App_Func
                0x000006c2        0x2 build/CFDtest2_J18A/production/_ext/986139933/startup_xc32.o
                0x000006c2                _on_reset
                0x000006c2                _on_bootstrap
                0x000006c2                __xc32_on_reset
                0x000006c2                Dummy_App_Func
                0x000006c2                __xc32_on_bootstrap
