Archive member included to satisfy reference by file (symbol)

c:/program files/microchip/xc32/v3.01/bin/bin/../../lib/gcc/pic32c/8.3.1/../../../../pic32c/lib/thumb/v6-m/nofp\libpic32c.a(data_init.o)
                              build/CFDtest2_J18A/production/_ext/986139933/startup_xc32.o (__pic32c_data_initialization)
c:/program files/microchip/xc32/v3.01/bin/bin/../../lib/gcc/pic32c/8.3.1/thumb/v6-m/nofp\libgcc.a(_aeabi_uldivmod.o)
                              build/CFDtest2_J18A/production/_ext/1978124120/plib_sercom4_usart.o (__aeabi_uldivmod)
c:/program files/microchip/xc32/v3.01/bin/bin/../../lib/gcc/pic32c/8.3.1/thumb/v6-m/nofp\libgcc.a(_udivmoddi4.o)
                              c:/program files/microchip/xc32/v3.01/bin/bin/../../lib/gcc/pic32c/8.3.1/thumb/v6-m/nofp\libgcc.a(_aeabi_uldivmod.o) (__udivmoddi4)
c:/program files/microchip/xc32/v3.01/bin/bin/../../lib/gcc/pic32c/8.3.1/thumb/v6-m/nofp\libgcc.a(_dvmd_tls.o)
                              c:/program files/microchip/xc32/v3.01/bin/bin/../../lib/gcc/pic32c/8.3.1/thumb/v6-m/nofp\libgcc.a(_aeabi_uldivmod.o) (__aeabi_ldiv0)
c:/program files/microchip/xc32/v3.01/bin/bin/../../lib/gcc/pic32c/8.3.1/thumb/v6-m/nofp\libgcc.a(_clzdi2.o)
                              c:/program files/microchip/xc32/v3.01/bin/bin/../../lib/gcc/pic32c/8.3.1/thumb/v6-m/nofp\libgcc.a(_udivmoddi4.o) (__clzdi2)
c:/program files/microchip/xc32/v3.01/bin/bin/../../lib/gcc/pic32c/8.3.1/thumb/v6-m/nofp\libgcc.a(_clzsi2.o)
                              c:/program files/microchip/xc32/v3.01/bin/bin/../../lib/gcc/pic32c/8.3.1/thumb/v6-m/nofp\libgcc.a(_clzdi2.o) (__clzsi2)
c:/program files/microchip/xc32/v3.01/bin/bin/../../lib/gcc/pic32c/8.3.1/../../../../pic32c/lib/thumb/v6-m/nofp\libc_nano.a(lib_a-init.o)
                              build/CFDtest2_J18A/production/_ext/986139933/startup_xc32.o (__libc_init_array)
c:/program files/microchip/xc32/v3.01/bin/bin/../../lib/gcc/pic32c/8.3.1/../../../../pic32c/lib/thumb/v6-m/nofp\libc_nano.a(lib_a-memcpy-stub.o)
                              build/CFDtest2_J18A/production/_ext/1100060625/plib_nvmctrl.o (memcpy)

Microchip PIC32 Memory-Usage Report

ROM Program-Memory Usage
section                    address  length [bytes]      (dec)  Description
-------                 ----------  -------------------------  -----------
.vectors                         0           0xbc         188   
.text                         0xbc           0x20          32  App's exec code 
.text.SERCOM4_USART_Int       0xdc          0x180         384   
.text.CLOCK_Initialize       0x25c           0xc0         192   
.text.__pic32c_data_ini      0x31c           0x90         144   
.text.SERCOM4_USART_Wri      0x3ac           0x60          96   
.text.SERCOM4_USART_Ini      0x40c           0x58          88   
.dinit                       0x464           0x50          80   
.text.TCC0_CompareIniti      0x4b4           0x4c          76   
.text                        0x500           0x48          72  App's exec code 
.text.Reset_Handler          0x548           0x48          72   
.text.__libc_init_array      0x590           0x48          72   
.text.NVIC_Initialize        0x5d8           0x40          64   
.text.TC0_CompareInitia      0x618           0x34          52   
.text.SYS_Initialize         0x64c           0x34          52   
.text.SERCOM4_USART_Err      0x680           0x2c          44   
.text.main                   0x6ac           0x2c          44   
.text.OSCCTRL_Interrupt      0x6d8           0x28          40   
.text.PORT_Initialize        0x700           0x28          40   
.text.SYSTICK_TimerInit      0x728           0x24          36   
.text.SysTick_Handler        0x74c           0x24          36   
.text.TC0_CompareStart       0x770           0x1c          28   
.text.TCC0_CompareStart      0x78c           0x1c          28   
.text.NVMCTRL_Initializ      0x7a8            0xc          12   
.text.SYSTEM_Handler         0x7b4            0x8           8   
.rodata                      0x7bc            0x4           4  Read-only const 
.text.EVSYS_Initialize       0x7c0            0x2           2   
.text.Dummy_Handler          0x7c2            0x2           2   
.text.NonMaskableInt_Ha      0x7c4            0x2           2   
.text.HardFault_Handler      0x7c6            0x2           2   
.text.Dummy_App_Func         0x7c8            0x2           2   
      Total ROM used  :       0x7ca        1994  0.8% of 0x40000
        --------------------------------------------------------------------------
         Total Program Memory used  :       0x7ca        1994  0.8% of 0x40000
        --------------------------------------------------------------------------


RAM Data-Memory Usage
section                    address  length [bytes]      (dec)  Description
-------                 ----------  -------------------------  -----------
.bss.sercom4USARTObj    0x20000000           0x30          48   
.bss                    0x20000030           0x1c          28  Uninitialized data 
.bss.systick            0x2000004c            0xc          12   
.bss.oscctrlObj         0x20000058            0x8           8   
.bss                    0x20000060            0x4           4  Uninitialized data 
         Total RAM used  :        0x64         100  0.3% of 0x8000
        --------------------------------------------------------------------------
            Total Data Memory used  :        0x64         100  0.3% of 0x8000
        --------------------------------------------------------------------------


Dynamic Data-Memory Reservation
section                    address  length [bytes]      (dec)  Description
-------                 ----------  -------------------------  -----------
heap                    0x20000068          0x200         512  Reserved for heap 
stack                   0x20000280         0x7d70       32112  Reserved for stack 

        --------------------------------------------------------------------------

Discarded input sections

 .text          0x00000000        0x0 c:/program files/microchip/xc32/v3.01/bin/bin/../../lib/gcc/pic32c/8.3.1/thumb/v6-m/nofp/crti.o
 .data          0x00000000        0x0 c:/program files/microchip/xc32/v3.01/bin/bin/../../lib/gcc/pic32c/8.3.1/thumb/v6-m/nofp/crti.o
 .bss           0x00000000        0x0 c:/program files/microchip/xc32/v3.01/bin/bin/../../lib/gcc/pic32c/8.3.1/thumb/v6-m/nofp/crti.o
 .xc_stack_usage.hdr
                0x00000000        0xe c:/program files/microchip/xc32/v3.01/bin/bin/../../lib/gcc/pic32c/8.3.1/thumb/v6-m/nofp/crti.o
 .xc_stack_usage
                0x00000000       0x26 c:/program files/microchip/xc32/v3.01/bin/bin/../../lib/gcc/pic32c/8.3.1/thumb/v6-m/nofp/crti.o
 .data          0x00000000        0x4 c:/program files/microchip/xc32/v3.01/bin/bin/../../lib/gcc/pic32c/8.3.1/thumb/v6-m/nofp/crtbegin.o
 .xc_stack_usage
                0x00000000       0x3c c:/program files/microchip/xc32/v3.01/bin/bin/../../lib/gcc/pic32c/8.3.1/thumb/v6-m/nofp/crtbegin.o
 .xc_stack_usage.hdr
                0x00000000        0xe c:/program files/microchip/xc32/v3.01/bin/bin/../../lib/gcc/pic32c/8.3.1/thumb/v6-m/nofp/crtbegin.o
 .text          0x00000000        0x0 build/CFDtest2_J18A/production/_ext/1843999635/plib_clock.o
 .data          0x00000000        0x0 build/CFDtest2_J18A/production/_ext/1843999635/plib_clock.o
 .bss           0x00000000        0x0 build/CFDtest2_J18A/production/_ext/1843999635/plib_clock.o
 .text.OSCCTRL_CallbackRegister
                0x00000000        0xc build/CFDtest2_J18A/production/_ext/1843999635/plib_clock.o
 .text          0x00000000        0x0 build/CFDtest2_J18A/production/_ext/1841850149/plib_evsys.o
 .data          0x00000000        0x0 build/CFDtest2_J18A/production/_ext/1841850149/plib_evsys.o
 .bss           0x00000000        0x0 build/CFDtest2_J18A/production/_ext/1841850149/plib_evsys.o
 .text          0x00000000        0x0 build/CFDtest2_J18A/production/_ext/633589923/plib_nvic.o
 .data          0x00000000        0x0 build/CFDtest2_J18A/production/_ext/633589923/plib_nvic.o
 .bss           0x00000000        0x0 build/CFDtest2_J18A/production/_ext/633589923/plib_nvic.o
 .text.NVIC_INT_Enable
                0x00000000        0x8 build/CFDtest2_J18A/production/_ext/633589923/plib_nvic.o
 .text.NVIC_INT_Disable
                0x00000000       0x12 build/CFDtest2_J18A/production/_ext/633589923/plib_nvic.o
 .text.NVIC_INT_Restore
                0x00000000       0x14 build/CFDtest2_J18A/production/_ext/633589923/plib_nvic.o
 .text          0x00000000        0x0 build/CFDtest2_J18A/production/_ext/1100060625/plib_nvmctrl.o
 .data          0x00000000        0x0 build/CFDtest2_J18A/production/_ext/1100060625/plib_nvmctrl.o
 .bss           0x00000000        0x0 build/CFDtest2_J18A/production/_ext/1100060625/plib_nvmctrl.o
 .text.NVMCTRL_CacheInvalidate
                0x00000000       0x10 build/CFDtest2_J18A/production/_ext/1100060625/plib_nvmctrl.o
 .text.NVMCTRL_RWWEEPROM_Read
                0x00000000       0x10 build/CFDtest2_J18A/production/_ext/1100060625/plib_nvmctrl.o
 .text.NVMCTRL_RWWEEPROM_PageWrite
                0x00000000       0x28 build/CFDtest2_J18A/production/_ext/1100060625/plib_nvmctrl.o
 .text.NVMCTRL_RWWEEPROM_RowErase
                0x00000000       0x18 build/CFDtest2_J18A/production/_ext/1100060625/plib_nvmctrl.o
 .text.NVMCTRL_Read
                0x00000000       0x10 build/CFDtest2_J18A/production/_ext/1100060625/plib_nvmctrl.o
 .text.NVMCTRL_PageBufferWrite
                0x00000000       0x14 build/CFDtest2_J18A/production/_ext/1100060625/plib_nvmctrl.o
 .text.NVMCTRL_PageBufferCommit
                0x00000000       0x30 build/CFDtest2_J18A/production/_ext/1100060625/plib_nvmctrl.o
 .text.NVMCTRL_PageWrite
                0x00000000       0x28 build/CFDtest2_J18A/production/_ext/1100060625/plib_nvmctrl.o
 .text.NVMCTRL_RowErase
                0x00000000       0x18 build/CFDtest2_J18A/production/_ext/1100060625/plib_nvmctrl.o
 .text.NVMCTRL_ErrorGet
                0x00000000       0x2c build/CFDtest2_J18A/production/_ext/1100060625/plib_nvmctrl.o
 .text.NVMCTRL_IsBusy
                0x00000000       0x14 build/CFDtest2_J18A/production/_ext/1100060625/plib_nvmctrl.o
 .text.NVMCTRL_RegionLock
                0x00000000       0x14 build/CFDtest2_J18A/production/_ext/1100060625/plib_nvmctrl.o
 .text.NVMCTRL_RegionUnlock
                0x00000000       0x14 build/CFDtest2_J18A/production/_ext/1100060625/plib_nvmctrl.o
 .text          0x00000000        0x0 build/CFDtest2_J18A/production/_ext/633643074/plib_port.o
 .data          0x00000000        0x0 build/CFDtest2_J18A/production/_ext/633643074/plib_port.o
 .bss           0x00000000        0x0 build/CFDtest2_J18A/production/_ext/633643074/plib_port.o
 .text.PORT_GroupRead
                0x00000000        0x4 build/CFDtest2_J18A/production/_ext/633643074/plib_port.o
 .text.PORT_GroupWrite
                0x00000000        0xc build/CFDtest2_J18A/production/_ext/633643074/plib_port.o
 .text.PORT_GroupLatchRead
                0x00000000        0x4 build/CFDtest2_J18A/production/_ext/633643074/plib_port.o
 .text.PORT_GroupSet
                0x00000000        0x4 build/CFDtest2_J18A/production/_ext/633643074/plib_port.o
 .text.PORT_GroupClear
                0x00000000        0x4 build/CFDtest2_J18A/production/_ext/633643074/plib_port.o
 .text.PORT_GroupToggle
                0x00000000        0x4 build/CFDtest2_J18A/production/_ext/633643074/plib_port.o
 .text.PORT_GroupInputEnable
                0x00000000        0x4 build/CFDtest2_J18A/production/_ext/633643074/plib_port.o
 .text.PORT_GroupOutputEnable
                0x00000000        0x4 build/CFDtest2_J18A/production/_ext/633643074/plib_port.o
 .text.PORT_PinPeripheralFunctionConfig
                0x00000000       0x46 build/CFDtest2_J18A/production/_ext/633643074/plib_port.o
 .text.PORT_PinGPIOConfig
                0x00000000       0x1e build/CFDtest2_J18A/production/_ext/633643074/plib_port.o
 .text          0x00000000        0x0 build/CFDtest2_J18A/production/_ext/1978124120/plib_sercom4_usart.o
 .data          0x00000000        0x0 build/CFDtest2_J18A/production/_ext/1978124120/plib_sercom4_usart.o
 .bss           0x00000000        0x0 build/CFDtest2_J18A/production/_ext/1978124120/plib_sercom4_usart.o
 .text.SERCOM4_USART_FrequencyGet
                0x00000000        0x8 build/CFDtest2_J18A/production/_ext/1978124120/plib_sercom4_usart.o
 .text.SERCOM4_USART_SerialSetup
                0x00000000      0x134 build/CFDtest2_J18A/production/_ext/1978124120/plib_sercom4_usart.o
 .text.SERCOM4_USART_ErrorGet
                0x00000000       0x10 build/CFDtest2_J18A/production/_ext/1978124120/plib_sercom4_usart.o
 .text.SERCOM4_USART_TransmitterEnable
                0x00000000       0x18 build/CFDtest2_J18A/production/_ext/1978124120/plib_sercom4_usart.o
 .text.SERCOM4_USART_TransmitterDisable
                0x00000000       0x1c build/CFDtest2_J18A/production/_ext/1978124120/plib_sercom4_usart.o
 .text.SERCOM4_USART_WriteIsBusy
                0x00000000        0xc build/CFDtest2_J18A/production/_ext/1978124120/plib_sercom4_usart.o
 .text.SERCOM4_USART_WriteCountGet
                0x00000000        0xc build/CFDtest2_J18A/production/_ext/1978124120/plib_sercom4_usart.o
 .text.SERCOM4_USART_WriteCallbackRegister
                0x00000000        0xc build/CFDtest2_J18A/production/_ext/1978124120/plib_sercom4_usart.o
 .text.SERCOM4_USART_ReceiverEnable
                0x00000000       0x18 build/CFDtest2_J18A/production/_ext/1978124120/plib_sercom4_usart.o
 .text.SERCOM4_USART_ReceiverDisable
                0x00000000       0x1c build/CFDtest2_J18A/production/_ext/1978124120/plib_sercom4_usart.o
 .text.SERCOM4_USART_Read
                0x00000000       0x44 build/CFDtest2_J18A/production/_ext/1978124120/plib_sercom4_usart.o
 .text.SERCOM4_USART_ReadIsBusy
                0x00000000       0x10 build/CFDtest2_J18A/production/_ext/1978124120/plib_sercom4_usart.o
 .text.SERCOM4_USART_ReadCountGet
                0x00000000        0xc build/CFDtest2_J18A/production/_ext/1978124120/plib_sercom4_usart.o
 .text.SERCOM4_USART_ReadAbort
                0x00000000       0x28 build/CFDtest2_J18A/production/_ext/1978124120/plib_sercom4_usart.o
 .text.SERCOM4_USART_ReadCallbackRegister
                0x00000000        0xc build/CFDtest2_J18A/production/_ext/1978124120/plib_sercom4_usart.o
 .text          0x00000000        0x0 build/CFDtest2_J18A/production/_ext/865585527/plib_systick.o
 .data          0x00000000        0x0 build/CFDtest2_J18A/production/_ext/865585527/plib_systick.o
 .bss           0x00000000        0x0 build/CFDtest2_J18A/production/_ext/865585527/plib_systick.o
 .text.SYSTICK_TimerRestart
                0x00000000       0x1c build/CFDtest2_J18A/production/_ext/865585527/plib_systick.o
 .text.SYSTICK_TimerStart
                0x00000000       0x14 build/CFDtest2_J18A/production/_ext/865585527/plib_systick.o
 .text.SYSTICK_TimerStop
                0x00000000       0x10 build/CFDtest2_J18A/production/_ext/865585527/plib_systick.o
 .text.SYSTICK_TimerPeriodSet
                0x00000000        0xc build/CFDtest2_J18A/production/_ext/865585527/plib_systick.o
 .text.SYSTICK_TimerPeriodGet
                0x00000000        0xc build/CFDtest2_J18A/production/_ext/865585527/plib_systick.o
 .text.SYSTICK_TimerCounterGet
                0x00000000        0xc build/CFDtest2_J18A/production/_ext/865585527/plib_systick.o
 .text.SYSTICK_TimerFrequencyGet
                0x00000000        0x8 build/CFDtest2_J18A/production/_ext/865585527/plib_systick.o
 .text.SYSTICK_DelayMs
                0x00000000       0x40 build/CFDtest2_J18A/production/_ext/865585527/plib_systick.o
 .text.SYSTICK_DelayUs
                0x00000000       0x3c build/CFDtest2_J18A/production/_ext/865585527/plib_systick.o
 .text.SYSTICK_TimerCallbackSet
                0x00000000        0xc build/CFDtest2_J18A/production/_ext/865585527/plib_systick.o
 .text          0x00000000        0x0 build/CFDtest2_J18A/production/_ext/1849617808/plib_tc0.o
 .data          0x00000000        0x0 build/CFDtest2_J18A/production/_ext/1849617808/plib_tc0.o
 .bss           0x00000000        0x0 build/CFDtest2_J18A/production/_ext/1849617808/plib_tc0.o
 .text.TC0_CompareStop
                0x00000000       0x1c build/CFDtest2_J18A/production/_ext/1849617808/plib_tc0.o
 .text.TC0_CompareFrequencyGet
                0x00000000        0x8 build/CFDtest2_J18A/production/_ext/1849617808/plib_tc0.o
 .text.TC0_CompareCommandSet
                0x00000000       0x18 build/CFDtest2_J18A/production/_ext/1849617808/plib_tc0.o
 .text.TC0_Compare8bitCounterGet
                0x00000000       0x2c build/CFDtest2_J18A/production/_ext/1849617808/plib_tc0.o
 .text.TC0_Compare8bitCounterSet
                0x00000000       0x14 build/CFDtest2_J18A/production/_ext/1849617808/plib_tc0.o
 .text.TC0_Compare8bitPeriodGet
                0x00000000        0x4 build/CFDtest2_J18A/production/_ext/1849617808/plib_tc0.o
 .text.TC0_Compare8bitMatch0Set
                0x00000000       0x1c build/CFDtest2_J18A/production/_ext/1849617808/plib_tc0.o
 .text.TC0_Compare8bitMatch1Set
                0x00000000       0x1c build/CFDtest2_J18A/production/_ext/1849617808/plib_tc0.o
 .text.TC0_CompareStatusGet
                0x00000000       0x10 build/CFDtest2_J18A/production/_ext/1849617808/plib_tc0.o
 .text          0x00000000        0x0 build/CFDtest2_J18A/production/_ext/1503577101/plib_tcc0.o
 .data          0x00000000        0x0 build/CFDtest2_J18A/production/_ext/1503577101/plib_tcc0.o
 .bss           0x00000000        0x0 build/CFDtest2_J18A/production/_ext/1503577101/plib_tcc0.o
 .text.TCC0_CompareStop
                0x00000000       0x1c build/CFDtest2_J18A/production/_ext/1503577101/plib_tcc0.o
 .text.TCC0_CompareFrequencyGet
                0x00000000        0x8 build/CFDtest2_J18A/production/_ext/1503577101/plib_tcc0.o
 .text.TCC0_CompareCommandSet
                0x00000000       0x18 build/CFDtest2_J18A/production/_ext/1503577101/plib_tcc0.o
 .text.TCC0_Compare24bitCounterGet
                0x00000000       0x28 build/CFDtest2_J18A/production/_ext/1503577101/plib_tcc0.o
 .text.TCC0_Compare24bitCounterSet
                0x00000000       0x14 build/CFDtest2_J18A/production/_ext/1503577101/plib_tcc0.o
 .text.TCC0_Compare24bitPeriodSet
                0x00000000       0x1c build/CFDtest2_J18A/production/_ext/1503577101/plib_tcc0.o
 .text.TCC0_Compare24bitPeriodGet
                0x00000000        0xc build/CFDtest2_J18A/production/_ext/1503577101/plib_tcc0.o
 .text.TCC0_Compare24bitMatchSet
                0x00000000       0x28 build/CFDtest2_J18A/production/_ext/1503577101/plib_tcc0.o
 .text.TCC0_CompareStatusGet
                0x00000000        0xc build/CFDtest2_J18A/production/_ext/1503577101/plib_tcc0.o
 .text          0x00000000        0x0 build/CFDtest2_J18A/production/_ext/1579996951/xc32_monitor.o
 .data          0x00000000        0x0 build/CFDtest2_J18A/production/_ext/1579996951/xc32_monitor.o
 .bss           0x00000000        0x0 build/CFDtest2_J18A/production/_ext/1579996951/xc32_monitor.o
 .text._mon_getc
                0x00000000        0x4 build/CFDtest2_J18A/production/_ext/1579996951/xc32_monitor.o
 .text._mon_putc
                0x00000000        0x2 build/CFDtest2_J18A/production/_ext/1579996951/xc32_monitor.o
 .debug_info    0x00000000      0x2b9 build/CFDtest2_J18A/production/_ext/1579996951/xc32_monitor.o
 .debug_abbrev  0x00000000       0x80 build/CFDtest2_J18A/production/_ext/1579996951/xc32_monitor.o
 .debug_loc     0x00000000       0x25 build/CFDtest2_J18A/production/_ext/1579996951/xc32_monitor.o
 .debug_aranges
                0x00000000       0x28 build/CFDtest2_J18A/production/_ext/1579996951/xc32_monitor.o
 .debug_ranges  0x00000000       0x18 build/CFDtest2_J18A/production/_ext/1579996951/xc32_monitor.o
 .debug_line    0x00000000       0x83 build/CFDtest2_J18A/production/_ext/1579996951/xc32_monitor.o
 .debug_str     0x00000000        0x0 build/CFDtest2_J18A/production/_ext/1579996951/xc32_monitor.o
 .comment       0x00000000       0x54 build/CFDtest2_J18A/production/_ext/1579996951/xc32_monitor.o
 .debug_frame   0x00000000       0x30 build/CFDtest2_J18A/production/_ext/1579996951/xc32_monitor.o
 .ARM.attributes
                0x00000000       0x2c build/CFDtest2_J18A/production/_ext/1579996951/xc32_monitor.o
 .text          0x00000000        0x0 build/CFDtest2_J18A/production/_ext/986139933/initialization.o
 .data          0x00000000        0x0 build/CFDtest2_J18A/production/_ext/986139933/initialization.o
 .bss           0x00000000        0x0 build/CFDtest2_J18A/production/_ext/986139933/initialization.o
 .text          0x00000000        0x0 build/CFDtest2_J18A/production/_ext/986139933/interrupts.o
 .data          0x00000000        0x0 build/CFDtest2_J18A/production/_ext/986139933/interrupts.o
 .bss           0x00000000        0x0 build/CFDtest2_J18A/production/_ext/986139933/interrupts.o
 .text          0x00000000        0x0 build/CFDtest2_J18A/production/_ext/986139933/exceptions.o
 .data          0x00000000        0x0 build/CFDtest2_J18A/production/_ext/986139933/exceptions.o
 .bss           0x00000000        0x0 build/CFDtest2_J18A/production/_ext/986139933/exceptions.o
 .text          0x00000000        0x0 build/CFDtest2_J18A/production/_ext/986139933/startup_xc32.o
 .data          0x00000000        0x0 build/CFDtest2_J18A/production/_ext/986139933/startup_xc32.o
 .bss           0x00000000        0x0 build/CFDtest2_J18A/production/_ext/986139933/startup_xc32.o
 .text          0x00000000        0x0 build/CFDtest2_J18A/production/_ext/986139933/libc_syscalls.o
 .data          0x00000000        0x0 build/CFDtest2_J18A/production/_ext/986139933/libc_syscalls.o
 .bss           0x00000000        0x0 build/CFDtest2_J18A/production/_ext/986139933/libc_syscalls.o
 .text._exit    0x00000000        0x2 build/CFDtest2_J18A/production/_ext/986139933/libc_syscalls.o
 .debug_info    0x00000000      0xf0d build/CFDtest2_J18A/production/_ext/986139933/libc_syscalls.o
 .debug_abbrev  0x00000000      0x1cc build/CFDtest2_J18A/production/_ext/986139933/libc_syscalls.o
 .debug_loc     0x00000000       0x15 build/CFDtest2_J18A/production/_ext/986139933/libc_syscalls.o
 .debug_aranges
                0x00000000       0x20 build/CFDtest2_J18A/production/_ext/986139933/libc_syscalls.o
 .debug_ranges  0x00000000       0x10 build/CFDtest2_J18A/production/_ext/986139933/libc_syscalls.o
 .debug_line    0x00000000      0x149 build/CFDtest2_J18A/production/_ext/986139933/libc_syscalls.o
 .debug_str     0x00000000        0xe build/CFDtest2_J18A/production/_ext/986139933/libc_syscalls.o
 .comment       0x00000000       0x54 build/CFDtest2_J18A/production/_ext/986139933/libc_syscalls.o
 .debug_frame   0x00000000       0x20 build/CFDtest2_J18A/production/_ext/986139933/libc_syscalls.o
 .ARM.attributes
                0x00000000       0x2c build/CFDtest2_J18A/production/_ext/986139933/libc_syscalls.o
 .text          0x00000000        0x0 build/CFDtest2_J18A/production/_ext/1360937237/main.o
 .data          0x00000000        0x0 build/CFDtest2_J18A/production/_ext/1360937237/main.o
 .bss           0x00000000        0x0 build/CFDtest2_J18A/production/_ext/1360937237/main.o
 .text          0x00000000        0x0 c:/program files/microchip/xc32/v3.01/bin/bin/../../lib/gcc/pic32c/8.3.1/../../../../pic32c/lib/thumb/v6-m/nofp\libpic32c.a(data_init.o)
 .data          0x00000000        0x0 c:/program files/microchip/xc32/v3.01/bin/bin/../../lib/gcc/pic32c/8.3.1/../../../../pic32c/lib/thumb/v6-m/nofp\libpic32c.a(data_init.o)
 .xc_stack_usage
                0x00000000       0x2a c:/program files/microchip/xc32/v3.01/bin/bin/../../lib/gcc/pic32c/8.3.1/../../../../pic32c/lib/thumb/v6-m/nofp\libpic32c.a(data_init.o)
 .xc_stack_usage.hdr
                0x00000000        0xe c:/program files/microchip/xc32/v3.01/bin/bin/../../lib/gcc/pic32c/8.3.1/../../../../pic32c/lib/thumb/v6-m/nofp\libpic32c.a(data_init.o)
 .text          0x00000000       0x40 c:/program files/microchip/xc32/v3.01/bin/bin/../../lib/gcc/pic32c/8.3.1/thumb/v6-m/nofp\libgcc.a(_aeabi_uldivmod.o)
 .data          0x00000000        0x0 c:/program files/microchip/xc32/v3.01/bin/bin/../../lib/gcc/pic32c/8.3.1/thumb/v6-m/nofp\libgcc.a(_aeabi_uldivmod.o)
 .bss           0x00000000        0x0 c:/program files/microchip/xc32/v3.01/bin/bin/../../lib/gcc/pic32c/8.3.1/thumb/v6-m/nofp\libgcc.a(_aeabi_uldivmod.o)
 .xc_stack_usage.hdr
                0x00000000        0xe c:/program files/microchip/xc32/v3.01/bin/bin/../../lib/gcc/pic32c/8.3.1/thumb/v6-m/nofp\libgcc.a(_aeabi_uldivmod.o)
 .xc_stack_usage
                0x00000000       0x1e c:/program files/microchip/xc32/v3.01/bin/bin/../../lib/gcc/pic32c/8.3.1/thumb/v6-m/nofp\libgcc.a(_aeabi_uldivmod.o)
 .debug_line    0x00000000       0xa7 c:/program files/microchip/xc32/v3.01/bin/bin/../../lib/gcc/pic32c/8.3.1/thumb/v6-m/nofp\libgcc.a(_aeabi_uldivmod.o)
 .debug_info    0x00000000       0x26 c:/program files/microchip/xc32/v3.01/bin/bin/../../lib/gcc/pic32c/8.3.1/thumb/v6-m/nofp\libgcc.a(_aeabi_uldivmod.o)
 .debug_abbrev  0x00000000       0x14 c:/program files/microchip/xc32/v3.01/bin/bin/../../lib/gcc/pic32c/8.3.1/thumb/v6-m/nofp\libgcc.a(_aeabi_uldivmod.o)
 .debug_aranges
                0x00000000       0x20 c:/program files/microchip/xc32/v3.01/bin/bin/../../lib/gcc/pic32c/8.3.1/thumb/v6-m/nofp\libgcc.a(_aeabi_uldivmod.o)
 .debug_str     0x00000000       0xee c:/program files/microchip/xc32/v3.01/bin/bin/../../lib/gcc/pic32c/8.3.1/thumb/v6-m/nofp\libgcc.a(_aeabi_uldivmod.o)
 .ARM.attributes
                0x00000000       0x1e c:/program files/microchip/xc32/v3.01/bin/bin/../../lib/gcc/pic32c/8.3.1/thumb/v6-m/nofp\libgcc.a(_aeabi_uldivmod.o)
 .text          0x00000000      0x1a4 c:/program files/microchip/xc32/v3.01/bin/bin/../../lib/gcc/pic32c/8.3.1/thumb/v6-m/nofp\libgcc.a(_udivmoddi4.o)
 .data          0x00000000        0x0 c:/program files/microchip/xc32/v3.01/bin/bin/../../lib/gcc/pic32c/8.3.1/thumb/v6-m/nofp\libgcc.a(_udivmoddi4.o)
 .bss           0x00000000        0x0 c:/program files/microchip/xc32/v3.01/bin/bin/../../lib/gcc/pic32c/8.3.1/thumb/v6-m/nofp\libgcc.a(_udivmoddi4.o)
 .xc_stack_usage
                0x00000000       0x1a c:/program files/microchip/xc32/v3.01/bin/bin/../../lib/gcc/pic32c/8.3.1/thumb/v6-m/nofp\libgcc.a(_udivmoddi4.o)
 .ARM.extab     0x00000000        0x0 c:/program files/microchip/xc32/v3.01/bin/bin/../../lib/gcc/pic32c/8.3.1/thumb/v6-m/nofp\libgcc.a(_udivmoddi4.o)
 .ARM.exidx     0x00000000        0x8 c:/program files/microchip/xc32/v3.01/bin/bin/../../lib/gcc/pic32c/8.3.1/thumb/v6-m/nofp\libgcc.a(_udivmoddi4.o)
 .xc_stack_usage.hdr
                0x00000000        0xe c:/program files/microchip/xc32/v3.01/bin/bin/../../lib/gcc/pic32c/8.3.1/thumb/v6-m/nofp\libgcc.a(_udivmoddi4.o)
 .debug_info    0x00000000     0x1c12 c:/program files/microchip/xc32/v3.01/bin/bin/../../lib/gcc/pic32c/8.3.1/thumb/v6-m/nofp\libgcc.a(_udivmoddi4.o)
 .debug_abbrev  0x00000000      0x157 c:/program files/microchip/xc32/v3.01/bin/bin/../../lib/gcc/pic32c/8.3.1/thumb/v6-m/nofp\libgcc.a(_udivmoddi4.o)
 .debug_loc     0x00000000      0x41c c:/program files/microchip/xc32/v3.01/bin/bin/../../lib/gcc/pic32c/8.3.1/thumb/v6-m/nofp\libgcc.a(_udivmoddi4.o)
 .debug_aranges
                0x00000000       0x20 c:/program files/microchip/xc32/v3.01/bin/bin/../../lib/gcc/pic32c/8.3.1/thumb/v6-m/nofp\libgcc.a(_udivmoddi4.o)
 .debug_line    0x00000000      0x3d7 c:/program files/microchip/xc32/v3.01/bin/bin/../../lib/gcc/pic32c/8.3.1/thumb/v6-m/nofp\libgcc.a(_udivmoddi4.o)
 .debug_str     0x00000000        0x0 c:/program files/microchip/xc32/v3.01/bin/bin/../../lib/gcc/pic32c/8.3.1/thumb/v6-m/nofp\libgcc.a(_udivmoddi4.o)
 .comment       0x00000000       0x54 c:/program files/microchip/xc32/v3.01/bin/bin/../../lib/gcc/pic32c/8.3.1/thumb/v6-m/nofp\libgcc.a(_udivmoddi4.o)
 .debug_frame   0x00000000       0x3c c:/program files/microchip/xc32/v3.01/bin/bin/../../lib/gcc/pic32c/8.3.1/thumb/v6-m/nofp\libgcc.a(_udivmoddi4.o)
 .ARM.attributes
                0x00000000       0x2c c:/program files/microchip/xc32/v3.01/bin/bin/../../lib/gcc/pic32c/8.3.1/thumb/v6-m/nofp\libgcc.a(_udivmoddi4.o)
 .text          0x00000000        0x4 c:/program files/microchip/xc32/v3.01/bin/bin/../../lib/gcc/pic32c/8.3.1/thumb/v6-m/nofp\libgcc.a(_dvmd_tls.o)
 .data          0x00000000        0x0 c:/program files/microchip/xc32/v3.01/bin/bin/../../lib/gcc/pic32c/8.3.1/thumb/v6-m/nofp\libgcc.a(_dvmd_tls.o)
 .bss           0x00000000        0x0 c:/program files/microchip/xc32/v3.01/bin/bin/../../lib/gcc/pic32c/8.3.1/thumb/v6-m/nofp\libgcc.a(_dvmd_tls.o)
 .xc_stack_usage.hdr
                0x00000000        0xe c:/program files/microchip/xc32/v3.01/bin/bin/../../lib/gcc/pic32c/8.3.1/thumb/v6-m/nofp\libgcc.a(_dvmd_tls.o)
 .xc_stack_usage
                0x00000000       0x36 c:/program files/microchip/xc32/v3.01/bin/bin/../../lib/gcc/pic32c/8.3.1/thumb/v6-m/nofp\libgcc.a(_dvmd_tls.o)
 .debug_line    0x00000000       0x9c c:/program files/microchip/xc32/v3.01/bin/bin/../../lib/gcc/pic32c/8.3.1/thumb/v6-m/nofp\libgcc.a(_dvmd_tls.o)
 .debug_info    0x00000000       0x26 c:/program files/microchip/xc32/v3.01/bin/bin/../../lib/gcc/pic32c/8.3.1/thumb/v6-m/nofp\libgcc.a(_dvmd_tls.o)
 .debug_abbrev  0x00000000       0x14 c:/program files/microchip/xc32/v3.01/bin/bin/../../lib/gcc/pic32c/8.3.1/thumb/v6-m/nofp\libgcc.a(_dvmd_tls.o)
 .debug_aranges
                0x00000000       0x20 c:/program files/microchip/xc32/v3.01/bin/bin/../../lib/gcc/pic32c/8.3.1/thumb/v6-m/nofp\libgcc.a(_dvmd_tls.o)
 .debug_str     0x00000000       0xee c:/program files/microchip/xc32/v3.01/bin/bin/../../lib/gcc/pic32c/8.3.1/thumb/v6-m/nofp\libgcc.a(_dvmd_tls.o)
 .ARM.attributes
                0x00000000       0x1e c:/program files/microchip/xc32/v3.01/bin/bin/../../lib/gcc/pic32c/8.3.1/thumb/v6-m/nofp\libgcc.a(_dvmd_tls.o)
 .text          0x00000000       0x18 c:/program files/microchip/xc32/v3.01/bin/bin/../../lib/gcc/pic32c/8.3.1/thumb/v6-m/nofp\libgcc.a(_clzdi2.o)
 .data          0x00000000        0x0 c:/program files/microchip/xc32/v3.01/bin/bin/../../lib/gcc/pic32c/8.3.1/thumb/v6-m/nofp\libgcc.a(_clzdi2.o)
 .bss           0x00000000        0x0 c:/program files/microchip/xc32/v3.01/bin/bin/../../lib/gcc/pic32c/8.3.1/thumb/v6-m/nofp\libgcc.a(_clzdi2.o)
 .xc_stack_usage.hdr
                0x00000000        0xe c:/program files/microchip/xc32/v3.01/bin/bin/../../lib/gcc/pic32c/8.3.1/thumb/v6-m/nofp\libgcc.a(_clzdi2.o)
 .xc_stack_usage
                0x00000000       0x16 c:/program files/microchip/xc32/v3.01/bin/bin/../../lib/gcc/pic32c/8.3.1/thumb/v6-m/nofp\libgcc.a(_clzdi2.o)
 .debug_line    0x00000000       0xa6 c:/program files/microchip/xc32/v3.01/bin/bin/../../lib/gcc/pic32c/8.3.1/thumb/v6-m/nofp\libgcc.a(_clzdi2.o)
 .debug_info    0x00000000       0x26 c:/program files/microchip/xc32/v3.01/bin/bin/../../lib/gcc/pic32c/8.3.1/thumb/v6-m/nofp\libgcc.a(_clzdi2.o)
 .debug_abbrev  0x00000000       0x14 c:/program files/microchip/xc32/v3.01/bin/bin/../../lib/gcc/pic32c/8.3.1/thumb/v6-m/nofp\libgcc.a(_clzdi2.o)
 .debug_aranges
                0x00000000       0x20 c:/program files/microchip/xc32/v3.01/bin/bin/../../lib/gcc/pic32c/8.3.1/thumb/v6-m/nofp\libgcc.a(_clzdi2.o)
 .debug_str     0x00000000       0xee c:/program files/microchip/xc32/v3.01/bin/bin/../../lib/gcc/pic32c/8.3.1/thumb/v6-m/nofp\libgcc.a(_clzdi2.o)
 .ARM.attributes
                0x00000000       0x1e c:/program files/microchip/xc32/v3.01/bin/bin/../../lib/gcc/pic32c/8.3.1/thumb/v6-m/nofp\libgcc.a(_clzdi2.o)
 .text          0x00000000       0x3c c:/program files/microchip/xc32/v3.01/bin/bin/../../lib/gcc/pic32c/8.3.1/thumb/v6-m/nofp\libgcc.a(_clzsi2.o)
 .data          0x00000000        0x0 c:/program files/microchip/xc32/v3.01/bin/bin/../../lib/gcc/pic32c/8.3.1/thumb/v6-m/nofp\libgcc.a(_clzsi2.o)
 .bss           0x00000000        0x0 c:/program files/microchip/xc32/v3.01/bin/bin/../../lib/gcc/pic32c/8.3.1/thumb/v6-m/nofp\libgcc.a(_clzsi2.o)
 .xc_stack_usage.hdr
                0x00000000        0xe c:/program files/microchip/xc32/v3.01/bin/bin/../../lib/gcc/pic32c/8.3.1/thumb/v6-m/nofp\libgcc.a(_clzsi2.o)
 .xc_stack_usage
                0x00000000       0x16 c:/program files/microchip/xc32/v3.01/bin/bin/../../lib/gcc/pic32c/8.3.1/thumb/v6-m/nofp\libgcc.a(_clzsi2.o)
 .debug_line    0x00000000       0xb0 c:/program files/microchip/xc32/v3.01/bin/bin/../../lib/gcc/pic32c/8.3.1/thumb/v6-m/nofp\libgcc.a(_clzsi2.o)
 .debug_info    0x00000000       0x26 c:/program files/microchip/xc32/v3.01/bin/bin/../../lib/gcc/pic32c/8.3.1/thumb/v6-m/nofp\libgcc.a(_clzsi2.o)
 .debug_abbrev  0x00000000       0x14 c:/program files/microchip/xc32/v3.01/bin/bin/../../lib/gcc/pic32c/8.3.1/thumb/v6-m/nofp\libgcc.a(_clzsi2.o)
 .debug_aranges
                0x00000000       0x20 c:/program files/microchip/xc32/v3.01/bin/bin/../../lib/gcc/pic32c/8.3.1/thumb/v6-m/nofp\libgcc.a(_clzsi2.o)
 .debug_str     0x00000000       0xee c:/program files/microchip/xc32/v3.01/bin/bin/../../lib/gcc/pic32c/8.3.1/thumb/v6-m/nofp\libgcc.a(_clzsi2.o)
 .ARM.attributes
                0x00000000       0x1e c:/program files/microchip/xc32/v3.01/bin/bin/../../lib/gcc/pic32c/8.3.1/thumb/v6-m/nofp\libgcc.a(_clzsi2.o)
 .text          0x00000000        0x0 c:/program files/microchip/xc32/v3.01/bin/bin/../../lib/gcc/pic32c/8.3.1/../../../../pic32c/lib/thumb/v6-m/nofp\libc_nano.a(lib_a-init.o)
 .data          0x00000000        0x0 c:/program files/microchip/xc32/v3.01/bin/bin/../../lib/gcc/pic32c/8.3.1/../../../../pic32c/lib/thumb/v6-m/nofp\libc_nano.a(lib_a-init.o)
 .bss           0x00000000        0x0 c:/program files/microchip/xc32/v3.01/bin/bin/../../lib/gcc/pic32c/8.3.1/../../../../pic32c/lib/thumb/v6-m/nofp\libc_nano.a(lib_a-init.o)
 .xc_stack_usage
                0x00000000       0x1f c:/program files/microchip/xc32/v3.01/bin/bin/../../lib/gcc/pic32c/8.3.1/../../../../pic32c/lib/thumb/v6-m/nofp\libc_nano.a(lib_a-init.o)
 .xc_stack_usage.hdr
                0x00000000        0xe c:/program files/microchip/xc32/v3.01/bin/bin/../../lib/gcc/pic32c/8.3.1/../../../../pic32c/lib/thumb/v6-m/nofp\libc_nano.a(lib_a-init.o)
 .text          0x00000000        0x0 c:/program files/microchip/xc32/v3.01/bin/bin/../../lib/gcc/pic32c/8.3.1/../../../../pic32c/lib/thumb/v6-m/nofp\libc_nano.a(lib_a-memcpy-stub.o)
 .data          0x00000000        0x0 c:/program files/microchip/xc32/v3.01/bin/bin/../../lib/gcc/pic32c/8.3.1/../../../../pic32c/lib/thumb/v6-m/nofp\libc_nano.a(lib_a-memcpy-stub.o)
 .bss           0x00000000        0x0 c:/program files/microchip/xc32/v3.01/bin/bin/../../lib/gcc/pic32c/8.3.1/../../../../pic32c/lib/thumb/v6-m/nofp\libc_nano.a(lib_a-memcpy-stub.o)
 .xc_stack_usage
                0x00000000       0x14 c:/program files/microchip/xc32/v3.01/bin/bin/../../lib/gcc/pic32c/8.3.1/../../../../pic32c/lib/thumb/v6-m/nofp\libc_nano.a(lib_a-memcpy-stub.o)
 .text.memcpy   0x00000000       0x12 c:/program files/microchip/xc32/v3.01/bin/bin/../../lib/gcc/pic32c/8.3.1/../../../../pic32c/lib/thumb/v6-m/nofp\libc_nano.a(lib_a-memcpy-stub.o)
 .xc_stack_usage.hdr
                0x00000000        0xe c:/program files/microchip/xc32/v3.01/bin/bin/../../lib/gcc/pic32c/8.3.1/../../../../pic32c/lib/thumb/v6-m/nofp\libc_nano.a(lib_a-memcpy-stub.o)
 .comment       0x00000000       0x54 c:/program files/microchip/xc32/v3.01/bin/bin/../../lib/gcc/pic32c/8.3.1/../../../../pic32c/lib/thumb/v6-m/nofp\libc_nano.a(lib_a-memcpy-stub.o)
 .ARM.attributes
                0x00000000       0x2c c:/program files/microchip/xc32/v3.01/bin/bin/../../lib/gcc/pic32c/8.3.1/../../../../pic32c/lib/thumb/v6-m/nofp\libc_nano.a(lib_a-memcpy-stub.o)
 .text          0x00000000        0x0 c:/program files/microchip/xc32/v3.01/bin/bin/../../lib/gcc/pic32c/8.3.1/thumb/v6-m/nofp/crtend.o
 .data          0x00000000        0x0 c:/program files/microchip/xc32/v3.01/bin/bin/../../lib/gcc/pic32c/8.3.1/thumb/v6-m/nofp/crtend.o
 .bss           0x00000000        0x0 c:/program files/microchip/xc32/v3.01/bin/bin/../../lib/gcc/pic32c/8.3.1/thumb/v6-m/nofp/crtend.o
 .eh_frame      0x00000000        0x4 c:/program files/microchip/xc32/v3.01/bin/bin/../../lib/gcc/pic32c/8.3.1/thumb/v6-m/nofp/crtend.o
 .xc_stack_usage.hdr
                0x00000000        0xe c:/program files/microchip/xc32/v3.01/bin/bin/../../lib/gcc/pic32c/8.3.1/thumb/v6-m/nofp/crtend.o
 .comment       0x00000000       0x54 c:/program files/microchip/xc32/v3.01/bin/bin/../../lib/gcc/pic32c/8.3.1/thumb/v6-m/nofp/crtend.o
 .ARM.attributes
                0x00000000       0x2c c:/program files/microchip/xc32/v3.01/bin/bin/../../lib/gcc/pic32c/8.3.1/thumb/v6-m/nofp/crtend.o
 .text          0x00000000        0x0 c:/program files/microchip/xc32/v3.01/bin/bin/../../lib/gcc/pic32c/8.3.1/thumb/v6-m/nofp/crtn.o
 .data          0x00000000        0x0 c:/program files/microchip/xc32/v3.01/bin/bin/../../lib/gcc/pic32c/8.3.1/thumb/v6-m/nofp/crtn.o
 .bss           0x00000000        0x0 c:/program files/microchip/xc32/v3.01/bin/bin/../../lib/gcc/pic32c/8.3.1/thumb/v6-m/nofp/crtn.o
 .xc_stack_usage.hdr
                0x00000000        0xe c:/program files/microchip/xc32/v3.01/bin/bin/../../lib/gcc/pic32c/8.3.1/thumb/v6-m/nofp/crtn.o

Memory Configuration

Name             Origin             Length             Attributes
rom              0x00000000         0x00040000         xrl
ram              0x20000000         0x00008000         xw !r
config_00804000  0x00804000         0x00000004
config_00804004  0x00804004         0x00000004
*default*        0x00000000         0xffffffff

Linker script and memory map

LOAD c:/program files/microchip/xc32/v3.01/bin/bin/../../lib/gcc/pic32c/8.3.1/thumb/v6-m/nofp/crti.o
LOAD c:/program files/microchip/xc32/v3.01/bin/bin/../../lib/gcc/pic32c/8.3.1/thumb/v6-m/nofp/crtbegin.o
LOAD build/CFDtest2_J18A/production/_ext/1843999635/plib_clock.o
LOAD build/CFDtest2_J18A/production/_ext/1841850149/plib_evsys.o
LOAD build/CFDtest2_J18A/production/_ext/633589923/plib_nvic.o
LOAD build/CFDtest2_J18A/production/_ext/1100060625/plib_nvmctrl.o
LOAD build/CFDtest2_J18A/production/_ext/633643074/plib_port.o
LOAD build/CFDtest2_J18A/production/_ext/1978124120/plib_sercom4_usart.o
LOAD build/CFDtest2_J18A/production/_ext/865585527/plib_systick.o
LOAD build/CFDtest2_J18A/production/_ext/1849617808/plib_tc0.o
LOAD build/CFDtest2_J18A/production/_ext/1503577101/plib_tcc0.o
LOAD build/CFDtest2_J18A/production/_ext/1579996951/xc32_monitor.o
LOAD build/CFDtest2_J18A/production/_ext/986139933/initialization.o
LOAD build/CFDtest2_J18A/production/_ext/986139933/interrupts.o
LOAD build/CFDtest2_J18A/production/_ext/986139933/exceptions.o
LOAD build/CFDtest2_J18A/production/_ext/986139933/startup_xc32.o
LOAD build/CFDtest2_J18A/production/_ext/986139933/libc_syscalls.o
LOAD build/CFDtest2_J18A/production/_ext/1360937237/main.o
                0x00000001                __MPLAB_BUILD = 0x1
                0x00040000                __rom_end = (ORIGIN (rom) + LENGTH (rom))
                0x20008000                __ram_end = (ORIGIN (ram) + LENGTH (ram))

.config_00804000
                0x00804000        0x4
 *(.config_00804000)
 .config_00804000
                0x00804000        0x4 build/CFDtest2_J18A/production/_ext/986139933/initialization.o
                0x00804000                __config_00804000

.config_00804004
                0x00804004        0x4
 *(.config_00804004)
 .config_00804004
                0x00804004        0x4 build/CFDtest2_J18A/production/_ext/986139933/initialization.o
                0x00804004                __config_00804004

.vectors        0x00000000       0xbc
                0x00000000                . = ALIGN (0x4)
                0x00000000                _sfixed = .
 *(.vectors .vectors.* .vectors_default .vectors_default.*)
 .vectors       0x00000000       0xbc build/CFDtest2_J18A/production/_ext/986139933/interrupts.o
                0x00000000                exception_table
 *(.isr_vector)
 *(.reset*)
 *(.after_vectors)

.text           0x000000bc       0x20
                0x000000bc                . = ALIGN (0x4)
 *(.glue_7t)
 .glue_7t       0x000000bc        0x0 linker stubs
 *(.glue_7)
 .glue_7        0x000000bc        0x0 linker stubs
 *(.gnu.linkonce.r.*)
 *(.ARM.extab* .gnu.linkonce.armextab.*)
                0x000000bc                . = ALIGN (0x4)
 *(.init)
 .init          0x000000bc        0x4 c:/program files/microchip/xc32/v3.01/bin/bin/../../lib/gcc/pic32c/8.3.1/thumb/v6-m/nofp/crti.o
                0x000000bc                _init
 .init          0x000000c0        0x8 c:/program files/microchip/xc32/v3.01/bin/bin/../../lib/gcc/pic32c/8.3.1/thumb/v6-m/nofp/crtn.o
                0x000000c8                . = ALIGN (0x4)
                0x000000c8                __preinit_array_start = .
 *(.preinit_array)
                0x000000c8                __preinit_array_end = .
                0x000000c8                . = ALIGN (0x4)
                0x000000c8                __init_array_start = .
 *(SORT_BY_NAME(.init_array.*))
 *(.init_array)
 .init_array    0x000000c8        0x4 c:/program files/microchip/xc32/v3.01/bin/bin/../../lib/gcc/pic32c/8.3.1/thumb/v6-m/nofp/crtbegin.o
                0x000000cc                __init_array_end = .
                0x000000cc                . = ALIGN (0x4)
 *crtbegin.o(.ctors)
 *(EXCLUDE_FILE(*crtend.o) .ctors)
 *(SORT_BY_NAME(.ctors.*))
 *crtend.o(.ctors)
                0x000000cc                . = ALIGN (0x4)
 *(.fini)
 .fini          0x000000cc        0x4 c:/program files/microchip/xc32/v3.01/bin/bin/../../lib/gcc/pic32c/8.3.1/thumb/v6-m/nofp/crti.o
                0x000000cc                _fini
 .fini          0x000000d0        0x8 c:/program files/microchip/xc32/v3.01/bin/bin/../../lib/gcc/pic32c/8.3.1/thumb/v6-m/nofp/crtn.o
                0x000000d8                . = ALIGN (0x4)
                0x000000d8                __fini_array_start = .
 *(.fini_array)
 .fini_array    0x000000d8        0x4 c:/program files/microchip/xc32/v3.01/bin/bin/../../lib/gcc/pic32c/8.3.1/thumb/v6-m/nofp/crtbegin.o
 *(SORT_BY_NAME(.fini_array.*))
                0x000000dc                __fini_array_end = .
 *crtbegin.o(.dtors)
 *(EXCLUDE_FILE(*crtend.o) .dtors)
 *(SORT_BY_NAME(.dtors.*))
 *crtend.o(.dtors)
                0x000000dc                . = ALIGN (0x4)
                0x000000dc                _efixed = .
                [!provide]                PROVIDE (__exidx_start = .)

.ARM.exidx
 *(.ARM.exidx* .gnu.linkonce.armexidx.*)
                [!provide]                PROVIDE (__exidx_end = .)
                0x000000dc                . = ALIGN (0x4)
                0x000000dc                _etext = .

.bss            0x20000000        0x0
                0x20000000                . = ALIGN (0x4)
                0x20000000                __bss_start__ = .
                0x20000000                _sbss = .
                0x20000000                _szero = .
 *(COMMON)
                0x20000000                . = ALIGN (0x4)
                0x20000000                __bss_end__ = .
                0x20000000                _ebss = .
                0x20000000                _ezero = .
                0x20000000                . = ALIGN (0x4)
                0x20000000                _end = .
                0x20007fff                _ram_end_ = ((ORIGIN (ram) + LENGTH (ram)) - 0x1)
                0x00000200                _min_heap_size = 0x200
START GROUP
LOAD c:/program files/microchip/xc32/v3.01/bin/bin/../../lib/gcc/pic32c/8.3.1/../../../../pic32c/lib/thumb/v6-m/nofp\libpic32c.a
LOAD c:/program files/microchip/xc32/v3.01/bin/bin/../../lib/gcc/pic32c/8.3.1/thumb/v6-m/nofp\libgcc.a
LOAD c:/program files/microchip/xc32/v3.01/bin/bin/../../lib/gcc/pic32c/8.3.1/../../../../pic32c/lib/thumb/v6-m/nofp\libm_nano.a
LOAD c:/program files/microchip/xc32/v3.01/bin/bin/../../lib/gcc/pic32c/8.3.1/../../../../pic32c/lib/thumb/v6-m/nofp\libc_nano.a
END GROUP
LOAD c:/program files/microchip/xc32/v3.01/bin/bin/../../lib/gcc/pic32c/8.3.1/thumb/v6-m/nofp/crtend.o
LOAD c:/program files/microchip/xc32/v3.01/bin/bin/../../lib/gcc/pic32c/8.3.1/thumb/v6-m/nofp/crtn.o
OUTPUT(dist/CFDtest2_J18A/production/CFDtest2_J18A.X.production.elf elf32-littlearm)
LOAD stack
LOAD data_init

.ARM.attributes
                0x00000000       0x2a
 .ARM.attributes
                0x00000000       0x1e c:/program files/microchip/xc32/v3.01/bin/bin/../../lib/gcc/pic32c/8.3.1/thumb/v6-m/nofp/crti.o
 .ARM.attributes
                0x0000001e       0x2c c:/program files/microchip/xc32/v3.01/bin/bin/../../lib/gcc/pic32c/8.3.1/thumb/v6-m/nofp/crtbegin.o
 .ARM.attributes
                0x0000004a       0x2c build/CFDtest2_J18A/production/_ext/1843999635/plib_clock.o
 .ARM.attributes
                0x00000076       0x2c build/CFDtest2_J18A/production/_ext/1841850149/plib_evsys.o
 .ARM.attributes
                0x000000a2       0x2c build/CFDtest2_J18A/production/_ext/633589923/plib_nvic.o
 .ARM.attributes
                0x000000ce       0x2c build/CFDtest2_J18A/production/_ext/1100060625/plib_nvmctrl.o
 .ARM.attributes
                0x000000fa       0x2c build/CFDtest2_J18A/production/_ext/633643074/plib_port.o
 .ARM.attributes
                0x00000126       0x2c build/CFDtest2_J18A/production/_ext/1978124120/plib_sercom4_usart.o
 .ARM.attributes
                0x00000152       0x2c build/CFDtest2_J18A/production/_ext/865585527/plib_systick.o
 .ARM.attributes
                0x0000017e       0x2c build/CFDtest2_J18A/production/_ext/1849617808/plib_tc0.o
 .ARM.attributes
                0x000001aa       0x2c build/CFDtest2_J18A/production/_ext/1503577101/plib_tcc0.o
 .ARM.attributes
                0x000001d6       0x2c build/CFDtest2_J18A/production/_ext/986139933/initialization.o
 .ARM.attributes
                0x00000202       0x2c build/CFDtest2_J18A/production/_ext/986139933/interrupts.o
 .ARM.attributes
                0x0000022e       0x2c build/CFDtest2_J18A/production/_ext/986139933/exceptions.o
 .ARM.attributes
                0x0000025a       0x2c build/CFDtest2_J18A/production/_ext/986139933/startup_xc32.o
 .ARM.attributes
                0x00000286       0x2c build/CFDtest2_J18A/production/_ext/1360937237/main.o
 .ARM.attributes
                0x000002b2       0x2c c:/program files/microchip/xc32/v3.01/bin/bin/../../lib/gcc/pic32c/8.3.1/../../../../pic32c/lib/thumb/v6-m/nofp\libpic32c.a(data_init.o)
 .ARM.attributes
                0x000002de       0x2c c:/program files/microchip/xc32/v3.01/bin/bin/../../lib/gcc/pic32c/8.3.1/../../../../pic32c/lib/thumb/v6-m/nofp\libc_nano.a(lib_a-init.o)
 .ARM.attributes
                0x0000030a       0x1e c:/program files/microchip/xc32/v3.01/bin/bin/../../lib/gcc/pic32c/8.3.1/thumb/v6-m/nofp/crtn.o

.comment        0x00000000       0x53
 .comment       0x00000000       0x53 c:/program files/microchip/xc32/v3.01/bin/bin/../../lib/gcc/pic32c/8.3.1/thumb/v6-m/nofp/crtbegin.o
                                 0x54 (size before relaxing)
 .comment       0x00000053       0x54 build/CFDtest2_J18A/production/_ext/1843999635/plib_clock.o
 .comment       0x00000053       0x54 build/CFDtest2_J18A/production/_ext/1841850149/plib_evsys.o
 .comment       0x00000053       0x54 build/CFDtest2_J18A/production/_ext/633589923/plib_nvic.o
 .comment       0x00000053       0x54 build/CFDtest2_J18A/production/_ext/1100060625/plib_nvmctrl.o
 .comment       0x00000053       0x54 build/CFDtest2_J18A/production/_ext/633643074/plib_port.o
 .comment       0x00000053       0x54 build/CFDtest2_J18A/production/_ext/1978124120/plib_sercom4_usart.o
 .comment       0x00000053       0x54 build/CFDtest2_J18A/production/_ext/865585527/plib_systick.o
 .comment       0x00000053       0x54 build/CFDtest2_J18A/production/_ext/1849617808/plib_tc0.o
 .comment       0x00000053       0x54 build/CFDtest2_J18A/production/_ext/1503577101/plib_tcc0.o
 .comment       0x00000053       0x54 build/CFDtest2_J18A/production/_ext/986139933/initialization.o
 .comment       0x00000053       0x54 build/CFDtest2_J18A/production/_ext/986139933/interrupts.o
 .comment       0x00000053       0x54 build/CFDtest2_J18A/production/_ext/986139933/exceptions.o
 .comment       0x00000053       0x54 build/CFDtest2_J18A/production/_ext/986139933/startup_xc32.o
 .comment       0x00000053       0x54 build/CFDtest2_J18A/production/_ext/1360937237/main.o
 .comment       0x00000053       0x54 c:/program files/microchip/xc32/v3.01/bin/bin/../../lib/gcc/pic32c/8.3.1/../../../../pic32c/lib/thumb/v6-m/nofp\libpic32c.a(data_init.o)
 .comment       0x00000053       0x54 c:/program files/microchip/xc32/v3.01/bin/bin/../../lib/gcc/pic32c/8.3.1/../../../../pic32c/lib/thumb/v6-m/nofp\libc_nano.a(lib_a-init.o)

.debug_info     0x00000000     0x9f58
 .debug_info    0x00000000      0xc5d build/CFDtest2_J18A/production/_ext/1843999635/plib_clock.o
 .debug_info    0x00000c5d      0x328 build/CFDtest2_J18A/production/_ext/1841850149/plib_evsys.o
 .debug_info    0x00000f85      0xaf7 build/CFDtest2_J18A/production/_ext/633589923/plib_nvic.o
 .debug_info    0x00001a7c     0x1683 build/CFDtest2_J18A/production/_ext/1100060625/plib_nvmctrl.o
 .debug_info    0x000030ff      0xd8e build/CFDtest2_J18A/production/_ext/633643074/plib_port.o
 .debug_info    0x00003e8d     0x1878 build/CFDtest2_J18A/production/_ext/1978124120/plib_sercom4_usart.o
 .debug_info    0x00005705      0x7c0 build/CFDtest2_J18A/production/_ext/865585527/plib_systick.o
 .debug_info    0x00005ec5      0xc15 build/CFDtest2_J18A/production/_ext/1849617808/plib_tc0.o
 .debug_info    0x00006ada      0xa7a build/CFDtest2_J18A/production/_ext/1503577101/plib_tcc0.o
 .debug_info    0x00007554      0x6c1 build/CFDtest2_J18A/production/_ext/986139933/initialization.o
 .debug_info    0x00007c15      0x926 build/CFDtest2_J18A/production/_ext/986139933/interrupts.o
 .debug_info    0x0000853b      0x34c build/CFDtest2_J18A/production/_ext/986139933/exceptions.o
 .debug_info    0x00008887      0x4ce build/CFDtest2_J18A/production/_ext/986139933/startup_xc32.o
 .debug_info    0x00008d55      0xf40 build/CFDtest2_J18A/production/_ext/1360937237/main.o
 .debug_info    0x00009c95      0x2c3 c:/program files/microchip/xc32/v3.01/bin/bin/../../lib/gcc/pic32c/8.3.1/../../../../pic32c/lib/thumb/v6-m/nofp\libpic32c.a(data_init.o)

.debug_abbrev   0x00000000     0x15d6
 .debug_abbrev  0x00000000      0x1c6 build/CFDtest2_J18A/production/_ext/1843999635/plib_clock.o
 .debug_abbrev  0x000001c6       0x3b build/CFDtest2_J18A/production/_ext/1841850149/plib_evsys.o
 .debug_abbrev  0x00000201      0x1e1 build/CFDtest2_J18A/production/_ext/633589923/plib_nvic.o
 .debug_abbrev  0x000003e2      0x2a7 build/CFDtest2_J18A/production/_ext/1100060625/plib_nvmctrl.o
 .debug_abbrev  0x00000689      0x1d6 build/CFDtest2_J18A/production/_ext/633643074/plib_port.o
 .debug_abbrev  0x0000085f      0x37f build/CFDtest2_J18A/production/_ext/1978124120/plib_sercom4_usart.o
 .debug_abbrev  0x00000bde      0x1b0 build/CFDtest2_J18A/production/_ext/865585527/plib_systick.o
 .debug_abbrev  0x00000d8e      0x187 build/CFDtest2_J18A/production/_ext/1849617808/plib_tc0.o
 .debug_abbrev  0x00000f15      0x144 build/CFDtest2_J18A/production/_ext/1503577101/plib_tcc0.o
 .debug_abbrev  0x00001059       0xfa build/CFDtest2_J18A/production/_ext/986139933/initialization.o
 .debug_abbrev  0x00001153       0xdf build/CFDtest2_J18A/production/_ext/986139933/interrupts.o
 .debug_abbrev  0x00001232       0x3e build/CFDtest2_J18A/production/_ext/986139933/exceptions.o
 .debug_abbrev  0x00001270      0x11f build/CFDtest2_J18A/production/_ext/986139933/startup_xc32.o
 .debug_abbrev  0x0000138f      0x219 build/CFDtest2_J18A/production/_ext/1360937237/main.o
 .debug_abbrev  0x000015a8       0x2e c:/program files/microchip/xc32/v3.01/bin/bin/../../lib/gcc/pic32c/8.3.1/../../../../pic32c/lib/thumb/v6-m/nofp\libpic32c.a(data_init.o)

.debug_loc      0x00000000     0x151c
 .debug_loc     0x00000000       0x65 build/CFDtest2_J18A/production/_ext/1843999635/plib_clock.o
 .debug_loc     0x00000065       0xb2 build/CFDtest2_J18A/production/_ext/633589923/plib_nvic.o
 .debug_loc     0x00000117      0x530 build/CFDtest2_J18A/production/_ext/1100060625/plib_nvmctrl.o
 .debug_loc     0x00000647      0x226 build/CFDtest2_J18A/production/_ext/633643074/plib_port.o
 .debug_loc     0x0000086d      0x6ba build/CFDtest2_J18A/production/_ext/1978124120/plib_sercom4_usart.o
 .debug_loc     0x00000f27      0x2f1 build/CFDtest2_J18A/production/_ext/865585527/plib_systick.o
 .debug_loc     0x00001218       0xeb build/CFDtest2_J18A/production/_ext/1849617808/plib_tc0.o
 .debug_loc     0x00001303      0x10b build/CFDtest2_J18A/production/_ext/1503577101/plib_tcc0.o
 .debug_loc     0x0000140e       0x45 build/CFDtest2_J18A/production/_ext/986139933/initialization.o
 .debug_loc     0x00001453       0x20 build/CFDtest2_J18A/production/_ext/986139933/interrupts.o
 .debug_loc     0x00001473       0x20 build/CFDtest2_J18A/production/_ext/986139933/startup_xc32.o
 .debug_loc     0x00001493       0x75 build/CFDtest2_J18A/production/_ext/1360937237/main.o
 .debug_loc     0x00001508       0x14 c:/program files/microchip/xc32/v3.01/bin/bin/../../lib/gcc/pic32c/8.3.1/../../../../pic32c/lib/thumb/v6-m/nofp\libpic32c.a(data_init.o)

.debug_aranges  0x00000000      0x460
 .debug_aranges
                0x00000000       0x30 build/CFDtest2_J18A/production/_ext/1843999635/plib_clock.o
 .debug_aranges
                0x00000030       0x20 build/CFDtest2_J18A/production/_ext/1841850149/plib_evsys.o
 .debug_aranges
                0x00000050       0x38 build/CFDtest2_J18A/production/_ext/633589923/plib_nvic.o
 .debug_aranges
                0x00000088       0x88 build/CFDtest2_J18A/production/_ext/1100060625/plib_nvmctrl.o
 .debug_aranges
                0x00000110       0x70 build/CFDtest2_J18A/production/_ext/633643074/plib_port.o
 .debug_aranges
                0x00000180       0xb0 build/CFDtest2_J18A/production/_ext/1978124120/plib_sercom4_usart.o
 .debug_aranges
                0x00000230       0x78 build/CFDtest2_J18A/production/_ext/865585527/plib_systick.o
 .debug_aranges
                0x000002a8       0x70 build/CFDtest2_J18A/production/_ext/1849617808/plib_tc0.o
 .debug_aranges
                0x00000318       0x70 build/CFDtest2_J18A/production/_ext/1503577101/plib_tcc0.o
 .debug_aranges
                0x00000388       0x20 build/CFDtest2_J18A/production/_ext/986139933/initialization.o
 .debug_aranges
                0x000003a8       0x28 build/CFDtest2_J18A/production/_ext/986139933/interrupts.o
 .debug_aranges
                0x000003d0       0x28 build/CFDtest2_J18A/production/_ext/986139933/exceptions.o
 .debug_aranges
                0x000003f8       0x28 build/CFDtest2_J18A/production/_ext/986139933/startup_xc32.o
 .debug_aranges
                0x00000420       0x20 build/CFDtest2_J18A/production/_ext/1360937237/main.o
 .debug_aranges
                0x00000440       0x20 c:/program files/microchip/xc32/v3.01/bin/bin/../../lib/gcc/pic32c/8.3.1/../../../../pic32c/lib/thumb/v6-m/nofp\libpic32c.a(data_init.o)

.debug_ranges   0x00000000      0x3b8
 .debug_ranges  0x00000000       0x20 build/CFDtest2_J18A/production/_ext/1843999635/plib_clock.o
 .debug_ranges  0x00000020       0x10 build/CFDtest2_J18A/production/_ext/1841850149/plib_evsys.o
 .debug_ranges  0x00000030       0x28 build/CFDtest2_J18A/production/_ext/633589923/plib_nvic.o
 .debug_ranges  0x00000058       0x78 build/CFDtest2_J18A/production/_ext/1100060625/plib_nvmctrl.o
 .debug_ranges  0x000000d0       0x60 build/CFDtest2_J18A/production/_ext/633643074/plib_port.o
 .debug_ranges  0x00000130       0xd0 build/CFDtest2_J18A/production/_ext/1978124120/plib_sercom4_usart.o
 .debug_ranges  0x00000200       0x68 build/CFDtest2_J18A/production/_ext/865585527/plib_systick.o
 .debug_ranges  0x00000268       0x60 build/CFDtest2_J18A/production/_ext/1849617808/plib_tc0.o
 .debug_ranges  0x000002c8       0x60 build/CFDtest2_J18A/production/_ext/1503577101/plib_tcc0.o
 .debug_ranges  0x00000328       0x10 build/CFDtest2_J18A/production/_ext/986139933/initialization.o
 .debug_ranges  0x00000338       0x18 build/CFDtest2_J18A/production/_ext/986139933/interrupts.o
 .debug_ranges  0x00000350       0x18 build/CFDtest2_J18A/production/_ext/986139933/exceptions.o
 .debug_ranges  0x00000368       0x18 build/CFDtest2_J18A/production/_ext/986139933/startup_xc32.o
 .debug_ranges  0x00000380       0x28 build/CFDtest2_J18A/production/_ext/1360937237/main.o
 .debug_ranges  0x000003a8       0x10 c:/program files/microchip/xc32/v3.01/bin/bin/../../lib/gcc/pic32c/8.3.1/../../../../pic32c/lib/thumb/v6-m/nofp\libpic32c.a(data_init.o)

.debug_line     0x00000000     0x2c4c
 .debug_line    0x00000000      0x2ec build/CFDtest2_J18A/production/_ext/1843999635/plib_clock.o
 .debug_line    0x000002ec       0x6c build/CFDtest2_J18A/production/_ext/1841850149/plib_evsys.o
 .debug_line    0x00000358      0x332 build/CFDtest2_J18A/production/_ext/633589923/plib_nvic.o
 .debug_line    0x0000068a      0x45b build/CFDtest2_J18A/production/_ext/1100060625/plib_nvmctrl.o
 .debug_line    0x00000ae5      0x2fa build/CFDtest2_J18A/production/_ext/633643074/plib_port.o
 .debug_line    0x00000ddf      0x933 build/CFDtest2_J18A/production/_ext/1978124120/plib_sercom4_usart.o
 .debug_line    0x00001712      0x3c6 build/CFDtest2_J18A/production/_ext/865585527/plib_systick.o
 .debug_line    0x00001ad8      0x384 build/CFDtest2_J18A/production/_ext/1849617808/plib_tc0.o
 .debug_line    0x00001e5c      0x3bf build/CFDtest2_J18A/production/_ext/1503577101/plib_tcc0.o
 .debug_line    0x0000221b      0x379 build/CFDtest2_J18A/production/_ext/986139933/initialization.o
 .debug_line    0x00002594      0x133 build/CFDtest2_J18A/production/_ext/986139933/interrupts.o
 .debug_line    0x000026c7       0x74 build/CFDtest2_J18A/production/_ext/986139933/exceptions.o
 .debug_line    0x0000273b      0x1a9 build/CFDtest2_J18A/production/_ext/986139933/startup_xc32.o
 .debug_line    0x000028e4      0x236 build/CFDtest2_J18A/production/_ext/1360937237/main.o
 .debug_line    0x00002b1a      0x132 c:/program files/microchip/xc32/v3.01/bin/bin/../../lib/gcc/pic32c/8.3.1/../../../../pic32c/lib/thumb/v6-m/nofp\libpic32c.a(data_init.o)

.debug_str      0x00000000      0x3bc
 .debug_str     0x00000000       0x27 build/CFDtest2_J18A/production/_ext/1843999635/plib_clock.o
 .debug_str     0x00000027        0x0 build/CFDtest2_J18A/production/_ext/1841850149/plib_evsys.o
 .debug_str     0x00000027        0xa build/CFDtest2_J18A/production/_ext/633589923/plib_nvic.o
 .debug_str     0x00000031       0x1f build/CFDtest2_J18A/production/_ext/1100060625/plib_nvmctrl.o
 .debug_str     0x00000050        0xb build/CFDtest2_J18A/production/_ext/633643074/plib_port.o
 .debug_str     0x0000005b      0x10e build/CFDtest2_J18A/production/_ext/1978124120/plib_sercom4_usart.o
 .debug_str     0x00000169       0x45 build/CFDtest2_J18A/production/_ext/865585527/plib_systick.o
 .debug_str     0x000001ae       0xbf build/CFDtest2_J18A/production/_ext/1849617808/plib_tc0.o
 .debug_str     0x0000026d        0x0 build/CFDtest2_J18A/production/_ext/1503577101/plib_tcc0.o
 .debug_str     0x0000026d       0xb3 build/CFDtest2_J18A/production/_ext/986139933/initialization.o
 .debug_str     0x00000320       0x19 build/CFDtest2_J18A/production/_ext/986139933/interrupts.o
 .debug_str     0x00000339        0x0 build/CFDtest2_J18A/production/_ext/986139933/exceptions.o
 .debug_str     0x00000339       0x2f build/CFDtest2_J18A/production/_ext/986139933/startup_xc32.o
 .debug_str     0x00000368       0x54 build/CFDtest2_J18A/production/_ext/1360937237/main.o
 .debug_str     0x000003bc        0x0 c:/program files/microchip/xc32/v3.01/bin/bin/../../lib/gcc/pic32c/8.3.1/../../../../pic32c/lib/thumb/v6-m/nofp\libpic32c.a(data_init.o)

.debug_frame    0x00000000      0x7ac
 .debug_frame   0x00000000       0x48 build/CFDtest2_J18A/production/_ext/1843999635/plib_clock.o
 .debug_frame   0x00000048       0x20 build/CFDtest2_J18A/production/_ext/1841850149/plib_evsys.o
 .debug_frame   0x00000068       0x50 build/CFDtest2_J18A/production/_ext/633589923/plib_nvic.o
 .debug_frame   0x000000b8      0x114 build/CFDtest2_J18A/production/_ext/1100060625/plib_nvmctrl.o
 .debug_frame   0x000001cc       0xcc build/CFDtest2_J18A/production/_ext/633643074/plib_port.o
 .debug_frame   0x00000298      0x180 build/CFDtest2_J18A/production/_ext/1978124120/plib_sercom4_usart.o
 .debug_frame   0x00000418       0xf0 build/CFDtest2_J18A/production/_ext/865585527/plib_systick.o
 .debug_frame   0x00000508       0xc0 build/CFDtest2_J18A/production/_ext/1849617808/plib_tc0.o
 .debug_frame   0x000005c8       0xc0 build/CFDtest2_J18A/production/_ext/1503577101/plib_tcc0.o
 .debug_frame   0x00000688       0x28 build/CFDtest2_J18A/production/_ext/986139933/initialization.o
 .debug_frame   0x000006b0       0x38 build/CFDtest2_J18A/production/_ext/986139933/interrupts.o
 .debug_frame   0x000006e8       0x30 build/CFDtest2_J18A/production/_ext/986139933/exceptions.o
 .debug_frame   0x00000718       0x38 build/CFDtest2_J18A/production/_ext/986139933/startup_xc32.o
 .debug_frame   0x00000750       0x28 build/CFDtest2_J18A/production/_ext/1360937237/main.o
 .debug_frame   0x00000778       0x34 c:/program files/microchip/xc32/v3.01/bin/bin/../../lib/gcc/pic32c/8.3.1/../../../../pic32c/lib/thumb/v6-m/nofp\libpic32c.a(data_init.o)

.stack          0x20000280      0x100
 .stack         0x20000280      0x100 stack

.bss.sercom4USARTObj%1
                0x20000000       0x30
 .bss.sercom4USARTObj
                0x20000000       0x30 build/CFDtest2_J18A/production/_ext/1978124120/plib_sercom4_usart.o

.bss%2          0x20000030       0x1c
 .bss           0x20000030       0x1c c:/program files/microchip/xc32/v3.01/bin/bin/../../lib/gcc/pic32c/8.3.1/thumb/v6-m/nofp/crtbegin.o

.bss.systick%3  0x2000004c        0xc
 .bss.systick   0x2000004c        0xc build/CFDtest2_J18A/production/_ext/865585527/plib_systick.o

.bss.oscctrlObj%4
                0x20000058        0x8
 .bss.oscctrlObj
                0x20000058        0x8 build/CFDtest2_J18A/production/_ext/1843999635/plib_clock.o

.bss%5          0x20000060        0x4
 .bss           0x20000060        0x4 c:/program files/microchip/xc32/v3.01/bin/bin/../../lib/gcc/pic32c/8.3.1/../../../../pic32c/lib/thumb/v6-m/nofp\libpic32c.a(data_init.o)

.eh_frame%z1    0x00000000        0x0
 .eh_frame      0x00000000        0x0 c:/program files/microchip/xc32/v3.01/bin/bin/../../lib/gcc/pic32c/8.3.1/thumb/v6-m/nofp/crtbegin.o

.text.SERCOM4_USART_InterruptHandler%6
                0x000000dc      0x180
 .text.SERCOM4_USART_InterruptHandler
                0x000000dc      0x180 build/CFDtest2_J18A/production/_ext/1978124120/plib_sercom4_usart.o
                0x000000dc                SERCOM4_USART_InterruptHandler

.text.CLOCK_Initialize%7
                0x0000025c       0xc0
 .text.CLOCK_Initialize
                0x0000025c       0xc0 build/CFDtest2_J18A/production/_ext/1843999635/plib_clock.o
                0x0000025c                CLOCK_Initialize

.text.__pic32c_data_initialization%8
                0x0000031c       0x90
 .text.__pic32c_data_initialization
                0x0000031c       0x90 c:/program files/microchip/xc32/v3.01/bin/bin/../../lib/gcc/pic32c/8.3.1/../../../../pic32c/lib/thumb/v6-m/nofp\libpic32c.a(data_init.o)
                0x0000031c                __pic32c_data_initialization

.text.SERCOM4_USART_Write%9
                0x000003ac       0x60
 .text.SERCOM4_USART_Write
                0x000003ac       0x60 build/CFDtest2_J18A/production/_ext/1978124120/plib_sercom4_usart.o
                0x000003ac                SERCOM4_USART_Write

.text.SERCOM4_USART_Initialize%10
                0x0000040c       0x58
 .text.SERCOM4_USART_Initialize
                0x0000040c       0x58 build/CFDtest2_J18A/production/_ext/1978124120/plib_sercom4_usart.o
                0x0000040c                SERCOM4_USART_Initialize

.dinit%11       0x00000464       0x50
 .dinit         0x00000464       0x50 data_init

.text.TCC0_CompareInitialize%12
                0x000004b4       0x4c
 .text.TCC0_CompareInitialize
                0x000004b4       0x4c build/CFDtest2_J18A/production/_ext/1503577101/plib_tcc0.o
                0x000004b4                TCC0_CompareInitialize

.text%13        0x00000500       0x48
 .text          0x00000500       0x48 c:/program files/microchip/xc32/v3.01/bin/bin/../../lib/gcc/pic32c/8.3.1/thumb/v6-m/nofp/crtbegin.o

.text.Reset_Handler%14
                0x00000548       0x48
 .text.Reset_Handler
                0x00000548       0x48 build/CFDtest2_J18A/production/_ext/986139933/startup_xc32.o
                0x00000548                Reset_Handler

.text.__libc_init_array%15
                0x00000590       0x48
 .text.__libc_init_array
                0x00000590       0x48 c:/program files/microchip/xc32/v3.01/bin/bin/../../lib/gcc/pic32c/8.3.1/../../../../pic32c/lib/thumb/v6-m/nofp\libc_nano.a(lib_a-init.o)
                0x00000590                __libc_init_array

.text.NVIC_Initialize%16
                0x000005d8       0x40
 .text.NVIC_Initialize
                0x000005d8       0x40 build/CFDtest2_J18A/production/_ext/633589923/plib_nvic.o
                0x000005d8                NVIC_Initialize

.text.TC0_CompareInitialize%17
                0x00000618       0x34
 .text.TC0_CompareInitialize
                0x00000618       0x34 build/CFDtest2_J18A/production/_ext/1849617808/plib_tc0.o
                0x00000618                TC0_CompareInitialize

.text.SYS_Initialize%18
                0x0000064c       0x34
 .text.SYS_Initialize
                0x0000064c       0x34 build/CFDtest2_J18A/production/_ext/986139933/initialization.o
                0x0000064c                SYS_Initialize

.text.SERCOM4_USART_ErrorClear%19
                0x00000680       0x2c
 .text.SERCOM4_USART_ErrorClear
                0x00000680       0x2c build/CFDtest2_J18A/production/_ext/1978124120/plib_sercom4_usart.o

.text.main%20   0x000006ac       0x2c
 .text.main     0x000006ac       0x2c build/CFDtest2_J18A/production/_ext/1360937237/main.o
                0x000006ac                main

.text.OSCCTRL_InterruptHandler%21
                0x000006d8       0x28
 .text.OSCCTRL_InterruptHandler
                0x000006d8       0x28 build/CFDtest2_J18A/production/_ext/1843999635/plib_clock.o
                0x000006d8                OSCCTRL_InterruptHandler

.text.PORT_Initialize%22
                0x00000700       0x28
 .text.PORT_Initialize
                0x00000700       0x28 build/CFDtest2_J18A/production/_ext/633643074/plib_port.o
                0x00000700                PORT_Initialize

.text.SYSTICK_TimerInitialize%23
                0x00000728       0x24
 .text.SYSTICK_TimerInitialize
                0x00000728       0x24 build/CFDtest2_J18A/production/_ext/865585527/plib_systick.o
                0x00000728                SYSTICK_TimerInitialize

.text.SysTick_Handler%24
                0x0000074c       0x24
 .text.SysTick_Handler
                0x0000074c       0x24 build/CFDtest2_J18A/production/_ext/865585527/plib_systick.o
                0x0000074c                SysTick_Handler

.text.TC0_CompareStart%25
                0x00000770       0x1c
 .text.TC0_CompareStart
                0x00000770       0x1c build/CFDtest2_J18A/production/_ext/1849617808/plib_tc0.o
                0x00000770                TC0_CompareStart

.text.TCC0_CompareStart%26
                0x0000078c       0x1c
 .text.TCC0_CompareStart
                0x0000078c       0x1c build/CFDtest2_J18A/production/_ext/1503577101/plib_tcc0.o
                0x0000078c                TCC0_CompareStart

.text.NVMCTRL_Initialize%27
                0x000007a8        0xc
 .text.NVMCTRL_Initialize
                0x000007a8        0xc build/CFDtest2_J18A/production/_ext/1100060625/plib_nvmctrl.o
                0x000007a8                NVMCTRL_Initialize

.text.SYSTEM_Handler%28
                0x000007b4        0x8
 .text.SYSTEM_Handler
                0x000007b4        0x8 build/CFDtest2_J18A/production/_ext/986139933/interrupts.o

.rodata%29      0x000007bc        0x4
 .rodata        0x000007bc        0x4 build/CFDtest2_J18A/production/_ext/1360937237/main.o

.text.EVSYS_Initialize%30
                0x000007c0        0x2
 .text.EVSYS_Initialize
                0x000007c0        0x2 build/CFDtest2_J18A/production/_ext/1841850149/plib_evsys.o
                0x000007c0                EVSYS_Initialize

.text.Dummy_Handler%31
                0x000007c2        0x2
 .text.Dummy_Handler
                0x000007c2        0x2 build/CFDtest2_J18A/production/_ext/986139933/interrupts.o
                0x000007c2                SVCall_Handler
                0x000007c2                DMAC_Handler
                0x000007c2                TC2_Handler
                0x000007c2                AC_Handler
                0x000007c2                PendSV_Handler
                0x000007c2                SERCOM1_Handler
                0x000007c2                TCC1_Handler
                0x000007c2                SERCOM2_Handler
                0x000007c2                TCC0_Handler
                0x000007c2                RTC_Handler
                0x000007c2                ADC1_Handler
                0x000007c2                EIC_Handler
                0x000007c2                WDT_Handler
                0x000007c2                CAN0_Handler
                0x000007c2                TC4_Handler
                0x000007c2                TC1_Handler
                0x000007c2                TC3_Handler
                0x000007c2                SDADC_Handler
                0x000007c2                Dummy_Handler
                0x000007c2                SERCOM5_Handler
                0x000007c2                CAN1_Handler
                0x000007c2                ADC0_Handler
                0x000007c2                TSENS_Handler
                0x000007c2                TCC2_Handler
                0x000007c2                EVSYS_Handler
                0x000007c2                SERCOM3_Handler
                0x000007c2                NVMCTRL_Handler
                0x000007c2                SERCOM0_Handler
                0x000007c2                DAC_Handler
                0x000007c2                PTC_Handler
                0x000007c2                FREQM_Handler
                0x000007c2                TC0_Handler

.text.NonMaskableInt_Handler%32
                0x000007c4        0x2
 .text.NonMaskableInt_Handler
                0x000007c4        0x2 build/CFDtest2_J18A/production/_ext/986139933/exceptions.o
                0x000007c4                NonMaskableInt_Handler

.text.HardFault_Handler%33
                0x000007c6        0x2
 .text.HardFault_Handler
                0x000007c6        0x2 build/CFDtest2_J18A/production/_ext/986139933/exceptions.o
                0x000007c6                HardFault_Handler

.text.Dummy_App_Func%34
                0x000007c8        0x2
 .text.Dummy_App_Func
                0x000007c8        0x2 build/CFDtest2_J18A/production/_ext/986139933/startup_xc32.o
                0x000007c8                _on_reset
                0x000007c8                _on_bootstrap
                0x000007c8                __xc32_on_reset
                0x000007c8                Dummy_App_Func
                0x000007c8                __xc32_on_bootstrap
